Archive member included to satisfy reference by file (symbol)

c:/vsarm/armcc/bin/../lib/gcc/arm-none-eabi/10.3.1/thumb/v6-m/nofp\libgcc.a(_dvmd_tls.o)
                              CMakeFiles/fdc.dir/C_/VSARM/sdk/pico/pico-sdk/src/rp2_common/pico_divider/divider.S.obj (__aeabi_idiv0)
c:/vsarm/armcc/bin/../lib/gcc/arm-none-eabi/10.3.1/../../../../arm-none-eabi/lib/thumb/v6-m/nofp\libg.a(lib_a-atoi.o)
                              CMakeFiles/fdc.dir/fdc.c.obj (atoi)
c:/vsarm/armcc/bin/../lib/gcc/arm-none-eabi/10.3.1/../../../../arm-none-eabi/lib/thumb/v6-m/nofp\libg.a(lib_a-calloc.o)
                              CMakeFiles/fdc.dir/C_/VSARM/sdk/pico/pico-sdk/src/rp2_common/pico_malloc/pico_malloc.c.obj (calloc)
c:/vsarm/armcc/bin/../lib/gcc/arm-none-eabi/10.3.1/../../../../arm-none-eabi/lib/thumb/v6-m/nofp\libg.a(lib_a-callocr.o)
                              c:/vsarm/armcc/bin/../lib/gcc/arm-none-eabi/10.3.1/../../../../arm-none-eabi/lib/thumb/v6-m/nofp\libg.a(lib_a-calloc.o) (_calloc_r)
c:/vsarm/armcc/bin/../lib/gcc/arm-none-eabi/10.3.1/../../../../arm-none-eabi/lib/thumb/v6-m/nofp\libg.a(lib_a-ctype_.o)
                              CMakeFiles/fdc.dir/system.c.obj (_ctype_)
c:/vsarm/armcc/bin/../lib/gcc/arm-none-eabi/10.3.1/../../../../arm-none-eabi/lib/thumb/v6-m/nofp\libg.a(lib_a-errno.o)
                              CMakeFiles/fdc.dir/lib/no-OS-FatFS-SD-SPI-RPi-Pico/FatFs_SPI/src/ff_stdio.c.obj (__errno)
c:/vsarm/armcc/bin/../lib/gcc/arm-none-eabi/10.3.1/../../../../arm-none-eabi/lib/thumb/v6-m/nofp\libg.a(lib_a-fflush.o)
                              CMakeFiles/fdc.dir/lib/no-OS-FatFS-SD-SPI-RPi-Pico/FatFs_SPI/sd_driver/demo_logging.c.obj (fflush)
c:/vsarm/armcc/bin/../lib/gcc/arm-none-eabi/10.3.1/../../../../arm-none-eabi/lib/thumb/v6-m/nofp\libg.a(lib_a-findfp.o)
                              c:/vsarm/armcc/bin/../lib/gcc/arm-none-eabi/10.3.1/../../../../arm-none-eabi/lib/thumb/v6-m/nofp\libg.a(lib_a-fflush.o) (__sinit)
c:/vsarm/armcc/bin/../lib/gcc/arm-none-eabi/10.3.1/../../../../arm-none-eabi/lib/thumb/v6-m/nofp\libg.a(lib_a-freer.o)
                              c:/vsarm/armcc/bin/../lib/gcc/arm-none-eabi/10.3.1/../../../../arm-none-eabi/lib/thumb/v6-m/nofp\libg.a(lib_a-fflush.o) (_free_r)
c:/vsarm/armcc/bin/../lib/gcc/arm-none-eabi/10.3.1/../../../../arm-none-eabi/lib/thumb/v6-m/nofp\libg.a(lib_a-fwalk.o)
                              c:/vsarm/armcc/bin/../lib/gcc/arm-none-eabi/10.3.1/../../../../arm-none-eabi/lib/thumb/v6-m/nofp\libg.a(lib_a-findfp.o) (_fwalk)
c:/vsarm/armcc/bin/../lib/gcc/arm-none-eabi/10.3.1/../../../../arm-none-eabi/lib/thumb/v6-m/nofp\libg.a(lib_a-impure.o)
                              c:/vsarm/armcc/bin/../lib/gcc/arm-none-eabi/10.3.1/../../../../arm-none-eabi/lib/thumb/v6-m/nofp\libg.a(lib_a-fflush.o) (_global_impure_ptr)
c:/vsarm/armcc/bin/../lib/gcc/arm-none-eabi/10.3.1/../../../../arm-none-eabi/lib/thumb/v6-m/nofp\libg.a(lib_a-init.o)
                              c:/vsarm/armcc/bin/../lib/gcc/arm-none-eabi/10.3.1/../../../../arm-none-eabi/lib/thumb/v6-m/nofp/crt0.o (__libc_init_array)
c:/vsarm/armcc/bin/../lib/gcc/arm-none-eabi/10.3.1/../../../../arm-none-eabi/lib/thumb/v6-m/nofp\libg.a(lib_a-lock.o)
                              c:/vsarm/armcc/bin/../lib/gcc/arm-none-eabi/10.3.1/../../../../arm-none-eabi/lib/thumb/v6-m/nofp\libg.a(lib_a-findfp.o) (__retarget_lock_init_recursive)
c:/vsarm/armcc/bin/../lib/gcc/arm-none-eabi/10.3.1/../../../../arm-none-eabi/lib/thumb/v6-m/nofp\libg.a(lib_a-malloc.o)
                              CMakeFiles/fdc.dir/C_/VSARM/sdk/pico/pico-sdk/src/rp2_common/pico_malloc/pico_malloc.c.obj (malloc)
c:/vsarm/armcc/bin/../lib/gcc/arm-none-eabi/10.3.1/../../../../arm-none-eabi/lib/thumb/v6-m/nofp\libg.a(lib_a-mallocr.o)
                              c:/vsarm/armcc/bin/../lib/gcc/arm-none-eabi/10.3.1/../../../../arm-none-eabi/lib/thumb/v6-m/nofp\libg.a(lib_a-callocr.o) (_malloc_r)
c:/vsarm/armcc/bin/../lib/gcc/arm-none-eabi/10.3.1/../../../../arm-none-eabi/lib/thumb/v6-m/nofp\libg.a(lib_a-mktime.o)
                              CMakeFiles/fdc.dir/lib/no-OS-FatFS-SD-SPI-RPi-Pico/FatFs_SPI/src/rtc.c.obj (mktime)
c:/vsarm/armcc/bin/../lib/gcc/arm-none-eabi/10.3.1/../../../../arm-none-eabi/lib/thumb/v6-m/nofp\libg.a(lib_a-mlock.o)
                              c:/vsarm/armcc/bin/../lib/gcc/arm-none-eabi/10.3.1/../../../../arm-none-eabi/lib/thumb/v6-m/nofp\libg.a(lib_a-freer.o) (__malloc_lock)
c:/vsarm/armcc/bin/../lib/gcc/arm-none-eabi/10.3.1/../../../../arm-none-eabi/lib/thumb/v6-m/nofp\libg.a(lib_a-qsort.o)
                              CMakeFiles/fdc.dir/fdc.c.obj (qsort)
c:/vsarm/armcc/bin/../lib/gcc/arm-none-eabi/10.3.1/../../../../arm-none-eabi/lib/thumb/v6-m/nofp\libg.a(lib_a-sbrkr.o)
                              c:/vsarm/armcc/bin/../lib/gcc/arm-none-eabi/10.3.1/../../../../arm-none-eabi/lib/thumb/v6-m/nofp\libg.a(lib_a-freer.o) (_sbrk_r)
[...]
Memory Configuration

Name             Origin             Length             Attributes
FLASH            0x10000000         0x00200000         xr
RAM              0x20000000         0x00040000         xrw
SCRATCH_X        0x20040000         0x00001000         xrw
SCRATCH_Y        0x20041000         0x00001000         xrw
*default*        0x00000000         0xffffffff

Linker script and memory map

LOAD c:/vsarm/armcc/bin/../lib/gcc/arm-none-eabi/10.3.1/thumb/v6-m/nofp/crti.o
LOAD c:/vsarm/armcc/bin/../lib/gcc/arm-none-eabi/10.3.1/thumb/v6-m/nofp/crtbegin.o
LOAD c:/vsarm/armcc/bin/../lib/gcc/arm-none-eabi/10.3.1/../../../../arm-none-eabi/lib/thumb/v6-m/nofp/crt0.o

.flash_begin    0x10000000        0x0
                0x10000000                __flash_binary_start = .

.boot2          0x10000000      0x100
                0x10000000                __boot2_start__ = .
 *(.boot2)
 .boot2         0x10000000      0x100 C:\Users\Michael\AppData\Local\Temp\cc5Uon0j.o
                0x10000100                __boot2_end__ = .
                0x00000001                ASSERT (((__boot2_end__ - __boot2_start__) == 0x100), ERROR: Pico second stage bootloader must be 256 bytes in size)

.text           0x10000100    0x16ce8
                0x10000100                __logical_binary_start = .
 *(.vectors)
 .vectors       0x10000100       0xd4 CMakeFiles/fdc.dir/C_/VSARM/sdk/pico/pico-sdk/src/rp2_common/pico_standard_link/crt0.S.obj
                0x10000100                __VECTOR_TABLE
                0x10000100                __vectors
                0x100001c0                isr_invalid
                0x100001c0                __default_isrs_start
                0x100001c2                isr_nmi
                0x100001c4                isr_hardfault
                0x100001c6                isr_svcall
                0x100001c8                isr_pendsv
                0x100001ca                isr_systick
                0x100001cc                isr_irq23
                0x100001cc                isr_irq18
                0x100001cc                isr_irq11
                0x100001cc                isr_irq28
                0x100001cc                isr_irq19
                0x100001cc                isr_irq0
                0x100001cc                isr_irq6
                0x100001cc                isr_irq5
                0x100001cc                isr_irq12
                0x100001cc                isr_irq22
                0x100001cc                isr_irq31
                0x100001cc                isr_irq17
                0x100001cc                isr_irq27
                0x100001cc                isr_irq30
                0x100001cc                isr_irq2
                0x100001cc                isr_irq10
                0x100001cc                isr_irq8
                0x100001cc                isr_irq24
                0x100001cc                isr_irq1
                0x100001cc                isr_irq7
                0x100001cc                isr_irq21
                0x100001cc                isr_irq20
                0x100001cc                isr_irq15
                0x100001cc                isr_irq25
                0x100001cc                isr_irq13
                0x100001cc                __unhandled_user_irq
                0x100001cc                isr_irq4
                0x100001cc                isr_irq16
                0x100001cc                isr_irq29
                0x100001cc                isr_irq26
                0x100001cc                __default_isrs_end
                0x100001cc                isr_irq3
                0x100001cc                isr_irq14
                0x100001cc                isr_irq9
                0x100001d2                unhandled_user_irq_num_in_r0
 *(.binary_info_header)
 .binary_info_header
                0x100001d4       0x14 CMakeFiles/fdc.dir/C_/VSARM/sdk/pico/pico-sdk/src/rp2_common/pico_standard_link/crt0.S.obj
                0x100001e8                __binary_info_header_end = .
 *(.reset)
 .reset         0x100001e8       0xa8 CMakeFiles/fdc.dir/C_/VSARM/sdk/pico/pico-sdk/src/rp2_common/pico_standard_link/crt0.S.obj
                0x100001e8                _entry_point
                0x10000266                __get_current_exception
 .reset         0x10000290       0x30 CMakeFiles/fdc.dir/C_/VSARM/sdk/pico/pico-sdk/src/rp2_common/pico_standard_link/binary_info.c.obj
 *(.init)
 .init          0x100002c0        0x4 c:/vsarm/armcc/bin/../lib/gcc/arm-none-eabi/10.3.1/thumb/v6-m/nofp/crti.o
                0x100002c0                _init
 *(EXCLUDE_FILE(*libm.a: *libc.a:*lib_a-mem*.o *libgcc.a:) .text*)
 .text          0x100002c4       0x48 c:/vsarm/armcc/bin/../lib/gcc/arm-none-eabi/10.3.1/thumb/v6-m/nofp/crtbegin.o
 .text.time_us_32
                0x1000030c       0x14 CMakeFiles/fdc.dir/main.c.obj
 .text.gpio_get
                0x10000320       0x26 CMakeFiles/fdc.dir/main.c.obj
 .text.gpio_get_all
                0x10000346       0x10 CMakeFiles/fdc.dir/main.c.obj
 .text.gpio_set_mask
                0x10000356       0x18 CMakeFiles/fdc.dir/main.c.obj
 .text.gpio_clr_mask
                0x1000036e       0x18 CMakeFiles/fdc.dir/main.c.obj
 .text.gpio_put_masked
                0x10000386       0x26 CMakeFiles/fdc.dir/main.c.obj
 .text.gpio_put
                0x100003ac       0x3a CMakeFiles/fdc.dir/main.c.obj
 .text.gpio_set_dir_out_masked
                0x100003e6       0x18 CMakeFiles/fdc.dir/main.c.obj
 .text.gpio_set_dir_in_masked
                0x100003fe       0x18 CMakeFiles/fdc.dir/main.c.obj
 .text.gpio_set_dir
                0x10000416       0x3a CMakeFiles/fdc.dir/main.c.obj
 .text.check_sm_param
                0x10000450       0x10 CMakeFiles/fdc.dir/main.c.obj
 .text.check_pio_param
                0x10000460       0x10 CMakeFiles/fdc.dir/main.c.obj
 .text.sm_config_set_out_pins
                0x10000470       0x30 CMakeFiles/fdc.dir/main.c.obj
 .text.sm_config_set_set_pins
                0x100004a0       0x30 CMakeFiles/fdc.dir/main.c.obj
 .text.sm_config_set_in_pins
                0x100004d0       0x28 CMakeFiles/fdc.dir/main.c.obj
 .text.sm_config_set_sideset_pins
                0x100004f8       0x28 CMakeFiles/fdc.dir/main.c.obj
 .text.sm_config_set_sideset
                0x10000520       0x64 CMakeFiles/fdc.dir/main.c.obj
 .text.sm_config_set_clkdiv_int_frac
                0x10000584       0x32 CMakeFiles/fdc.dir/main.c.obj
 *fill*         0x100005b6        0x2 
 .text.sm_config_set_wrap
                0x100005b8       0x30 CMakeFiles/fdc.dir/main.c.obj
 .text.sm_config_set_in_shift
                0x100005e8       0x68 CMakeFiles/fdc.dir/main.c.obj
 .text.sm_config_set_out_shift
                0x10000650       0x68 CMakeFiles/fdc.dir/main.c.obj
 .text.pio_get_default_sm_config
                0x100006b8       0x5c CMakeFiles/fdc.dir/main.c.obj
 .text.pio_gpio_init
                0x10000714       0x38 CMakeFiles/fdc.dir/main.c.obj
 .text.pio_sm_set_enabled
                0x1000074c       0x48 CMakeFiles/fdc.dir/main.c.obj
 .text.pio_set_irq0_source_enabled
                0x10000794       0x78 CMakeFiles/fdc.dir/main.c.obj
 .text.pio_interrupt_clear
                0x1000080c       0x3a CMakeFiles/fdc.dir/main.c.obj
 .text.pio_sm_exec
                0x10000846       0x3a CMakeFiles/fdc.dir/main.c.obj
 .text.pio_sm_put
                0x10000880       0x30 CMakeFiles/fdc.dir/main.c.obj
 .text.irq_clear
                0x100008b0       0x24 CMakeFiles/fdc.dir/main.c.obj
 .text.fdc_program_get_default_config
                0x100008d4       0x44 CMakeFiles/fdc.dir/main.c.obj
 .text.fdc_program_init
                0x10000918       0xda CMakeFiles/fdc.dir/main.c.obj
                0x10000918                fdc_program_init
 *fill*         0x100009f2        0x2 
 .text.DetectHostSequnce
                0x100009f4       0x50 CMakeFiles/fdc.dir/main.c.obj
                0x100009f4                DetectHostSequnce
 .text.ReleaseWait
                0x10000a44       0x5c CMakeFiles/fdc.dir/main.c.obj
                0x10000a44                ReleaseWait
 .text.InitGPIO
                0x10000aa0      0x128 CMakeFiles/fdc.dir/main.c.obj
                0x10000aa0                InitGPIO
 .text.UpdateCounters
                0x10000bc8      0x1c0 CMakeFiles/fdc.dir/main.c.obj
                0x10000bc8                UpdateCounters
 .text.main     0x10000d88      0x144 CMakeFiles/fdc.dir/main.c.obj
                0x10000d88                main
 .text.gpio_set_mask
                0x10000ecc       0x18 CMakeFiles/fdc.dir/fdc.c.obj
 .text.gpio_clr_mask
                0x10000ee4       0x18 CMakeFiles/fdc.dir/fdc.c.obj
 .text.gpio_put
                0x10000efc       0x3a CMakeFiles/fdc.dir/fdc.c.obj
 *fill*         0x10000f36        0x2 
 .text.system_reset
                0x10000f38       0x24 CMakeFiles/fdc.dir/fdc.c.obj
 .text.FdcProcessConfigEntry
                0x10000f5c       0xa8 CMakeFiles/fdc.dir/fdc.c.obj
                0x10000f5c                FdcProcessConfigEntry
 .text.FdcGetDriveIndex
                0x10001004       0x44 CMakeFiles/fdc.dir/fdc.c.obj
                0x10001004                FdcGetDriveIndex
 .text.FdcGetCommandType
                0x10001048       0xb4 CMakeFiles/fdc.dir/fdc.c.obj
                0x10001048                FdcGetCommandType
 .text.FdcGetStatus
                0x100010fc      0x1d8 CMakeFiles/fdc.dir/fdc.c.obj
                0x100010fc                FdcGetStatus
 .text.FdcGetTrackOffset
                0x100012d4       0x5c CMakeFiles/fdc.dir/fdc.c.obj
                0x100012d4                FdcGetTrackOffset
 .text.FdcGetIDAM_Index
                0x10001330       0x48 CMakeFiles/fdc.dir/fdc.c.obj
                0x10001330                FdcGetIDAM_Index
 .text.FdcGetSectorIDAM_Offset
                0x10001378       0x70 CMakeFiles/fdc.dir/fdc.c.obj
                0x10001378                FdcGetSectorIDAM_Offset
 .text.FdcIsDataStartPatern
                0x100013e8       0x5c CMakeFiles/fdc.dir/fdc.c.obj
                0x100013e8                FdcIsDataStartPatern
 .text.FdcGetDAM_Offset
                0x10001444       0x54 CMakeFiles/fdc.dir/fdc.c.obj
                0x10001444                FdcGetDAM_Offset
 .text.FdcFillSectorOffset
                0x10001498       0x6c CMakeFiles/fdc.dir/fdc.c.obj
                0x10001498                FdcFillSectorOffset
 .text.FdcReadDmkTrack
                0x10001504      0x10c CMakeFiles/fdc.dir/fdc.c.obj
                0x10001504                FdcReadDmkTrack
 .text.FdcReadHfeTrack
                0x10001610       0xc0 CMakeFiles/fdc.dir/fdc.c.obj
                0x10001610                FdcReadHfeTrack
 .text.FdcReadTrack
                0x100016d0       0x58 CMakeFiles/fdc.dir/fdc.c.obj
                0x100016d0                FdcReadTrack
 .text.FindSectorIndex
                0x10001728       0x4e CMakeFiles/fdc.dir/fdc.c.obj
                0x10001728                FindSectorIndex
 *fill*         0x10001776        0x2 
 .text.FdcGetDmkSectorCRC
                0x10001778       0x88 CMakeFiles/fdc.dir/fdc.c.obj
                0x10001778                FdcGetDmkSectorCRC
 .text.FdcReadDmkSector
                0x10001800      0x1d0 CMakeFiles/fdc.dir/fdc.c.obj
                0x10001800                FdcReadDmkSector
 .text.FdcReadHfeSector
                0x100019d0       0xcc CMakeFiles/fdc.dir/fdc.c.obj
                0x100019d0                FdcReadHfeSector
 .text.FdcReadSector
                0x10001a9c       0x64 CMakeFiles/fdc.dir/fdc.c.obj
                0x10001a9c                FdcReadSector
 .text.FdcMountDmkDrive
                0x10001b00      0x294 CMakeFiles/fdc.dir/fdc.c.obj
                0x10001b00                FdcMountDmkDrive
 .text.FdcMountHfeDrive
                0x10001d94      0x14c CMakeFiles/fdc.dir/fdc.c.obj
                0x10001d94                FdcMountHfeDrive
 .text.FdcMountDrive
                0x10001ee0       0x8c CMakeFiles/fdc.dir/fdc.c.obj
                0x10001ee0                FdcMountDrive
 .text.FdcSaveBootCfg
                0x10001f6c       0x60 CMakeFiles/fdc.dir/fdc.c.obj
                0x10001f6c                FdcSaveBootCfg
 .text.FdcLoadIni
                0x10001fcc      0x144 CMakeFiles/fdc.dir/fdc.c.obj
                0x10001fcc                FdcLoadIni
 .text.FdcInit  0x10002110       0xe8 CMakeFiles/fdc.dir/fdc.c.obj
                0x10002110                FdcInit
 .text.FdcReleaseCommandWait
                0x100021f8       0x28 CMakeFiles/fdc.dir/fdc.c.obj
                0x100021f8                FdcReleaseCommandWait
 .text.FdcReleaseWait
                0x10002220       0x28 CMakeFiles/fdc.dir/fdc.c.obj
                0x10002220                FdcReleaseWait
 .text.FdcGenerateIntr
                0x10002248       0x44 CMakeFiles/fdc.dir/fdc.c.obj
                0x10002248                FdcGenerateIntr
 .text.FdcGenerateDRQ
                0x1000228c       0x18 CMakeFiles/fdc.dir/fdc.c.obj
                0x1000228c                FdcGenerateDRQ
 .text.FdcCloseAllFiles
                0x100022a4       0xa0 CMakeFiles/fdc.dir/fdc.c.obj
                0x100022a4                FdcCloseAllFiles
 .text.FdcProcessRestoreCommand
                0x10002344       0x60 CMakeFiles/fdc.dir/fdc.c.obj
                0x10002344                FdcProcessRestoreCommand
 .text.GetStepRate
                0x100023a4       0x50 CMakeFiles/fdc.dir/fdc.c.obj
                0x100023a4                GetStepRate
 .text.FdcProcessSeekCommand
                0x100023f4      0x170 CMakeFiles/fdc.dir/fdc.c.obj
                0x100023f4                FdcProcessSeekCommand
 .text.FdcProcessStepCommand
                0x10002564       0xf8 CMakeFiles/fdc.dir/fdc.c.obj
                0x10002564                FdcProcessStepCommand
 .text.FdcProcessStepInCommand
                0x1000265c      0x108 CMakeFiles/fdc.dir/fdc.c.obj
                0x1000265c                FdcProcessStepInCommand
 .text.FdcProcessStepOutCommand
                0x10002764       0xd0 CMakeFiles/fdc.dir/fdc.c.obj
                0x10002764                FdcProcessStepOutCommand
 .text.FdcProcessReadSectorCommand
                0x10002834       0xcc CMakeFiles/fdc.dir/fdc.c.obj
                0x10002834                FdcProcessReadSectorCommand
 .text.FdcProcessWriteSectorCommand
                0x10002900       0xf8 CMakeFiles/fdc.dir/fdc.c.obj
                0x10002900                FdcProcessWriteSectorCommand
 .text.FdcProcessReadAddressCommand
                0x100029f8       0x44 CMakeFiles/fdc.dir/fdc.c.obj
                0x100029f8                FdcProcessReadAddressCommand
 .text.FdcProcessForceInterruptCommand
                0x10002a3c       0x48 CMakeFiles/fdc.dir/fdc.c.obj
                0x10002a3c                FdcProcessForceInterruptCommand
 .text.FdcProcessReadTrackCommand
                0x10002a84       0x14 CMakeFiles/fdc.dir/fdc.c.obj
                0x10002a84                FdcProcessReadTrackCommand
 .text.FdcProcessWriteTrackCommand
                0x10002a98       0xa8 CMakeFiles/fdc.dir/fdc.c.obj
                0x10002a98                FdcProcessWriteTrackCommand
 .text.FdcProcessReadStatus
                0x10002b40      0x264 CMakeFiles/fdc.dir/fdc.c.obj
                0x10002b40                FdcProcessReadStatus
 .text.FdcFileListCmp
                0x10002da4       0x2e CMakeFiles/fdc.dir/fdc.c.obj
                0x10002da4                FdcFileListCmp
 *fill*         0x10002dd2        0x2 
 .text.FdcProcessFindFirst
                0x10002dd4      0x2d8 CMakeFiles/fdc.dir/fdc.c.obj
                0x10002dd4                FdcProcessFindFirst
 .text.FdcProcessFindNext
                0x100030ac      0x168 CMakeFiles/fdc.dir/fdc.c.obj
                0x100030ac                FdcProcessFindNext
 .text.FdcProcessMount
                0x10003214       0x2c CMakeFiles/fdc.dir/fdc.c.obj
                0x10003214                FdcProcessMount
 .text.FdcProcessOpenFile
                0x10003240       0x2c CMakeFiles/fdc.dir/fdc.c.obj
                0x10003240                FdcProcessOpenFile
 .text.FdcProcessReadFile
                0x1000326c       0x78 CMakeFiles/fdc.dir/fdc.c.obj
                0x1000326c                FdcProcessReadFile
 .text.FdcProcessWriteFile
                0x100032e4       0x2c CMakeFiles/fdc.dir/fdc.c.obj
                0x100032e4                FdcProcessWriteFile
 .text.FdcProcessCloseFile
                0x10003310       0x30 CMakeFiles/fdc.dir/fdc.c.obj
                0x10003310                FdcProcessCloseFile
 .text.FdcProcessSetTime
                0x10003340       0x2c CMakeFiles/fdc.dir/fdc.c.obj
                0x10003340                FdcProcessSetTime
 .text.FdcProcessGetTime
                0x1000336c       0xcc CMakeFiles/fdc.dir/fdc.c.obj
                0x1000336c                FdcProcessGetTime
 .text.FdcProcessCommand
                0x10003438      0x144 CMakeFiles/fdc.dir/fdc.c.obj
                0x10003438                FdcProcessCommand
 .text.FdcServiceReadSector
                0x1000357c      0x150 CMakeFiles/fdc.dir/fdc.c.obj
                0x1000357c                FdcServiceReadSector
 .text.WriteDmkSectorData
                0x100036cc       0xcc CMakeFiles/fdc.dir/fdc.c.obj
                0x100036cc                WriteDmkSectorData
 .text.WriteSectorData
                0x10003798       0x50 CMakeFiles/fdc.dir/fdc.c.obj
                0x10003798                WriteSectorData
 .text.FdcGenerateSectorCRC
                0x100037e8       0x8c CMakeFiles/fdc.dir/fdc.c.obj
                0x100037e8                FdcGenerateSectorCRC
 .text.FdcUpdateDataAddressMark
                0x10003874       0x78 CMakeFiles/fdc.dir/fdc.c.obj
                0x10003874                FdcUpdateDataAddressMark
 .text.FdcServiceWriteSector
                0x100038ec      0x160 CMakeFiles/fdc.dir/fdc.c.obj
                0x100038ec                FdcServiceWriteSector
 .text.FdcProcessTrackData
                0x10003a4c       0xb8 CMakeFiles/fdc.dir/fdc.c.obj
                0x10003a4c                FdcProcessTrackData
 .text.FdcBuildIdamTable
                0x10003b04      0x130 CMakeFiles/fdc.dir/fdc.c.obj
                0x10003b04                FdcBuildIdamTable
 .text.FdcWriteDmkTrack
                0x10003c34       0xc0 CMakeFiles/fdc.dir/fdc.c.obj
                0x10003c34                FdcWriteDmkTrack
 .text.FdcWriteTrack
                0x10003cf4       0x24 CMakeFiles/fdc.dir/fdc.c.obj
                0x10003cf4                FdcWriteTrack
 .text.FdcServiceWriteTrack
                0x10003d18      0x154 CMakeFiles/fdc.dir/fdc.c.obj
                0x10003d18                FdcServiceWriteTrack
 .text.FdcServiceMountImage
                0x10003e6c      0x1cc CMakeFiles/fdc.dir/fdc.c.obj
                0x10003e6c                FdcServiceMountImage
 .text.FdcServiceOpenFile
                0x10004038      0x1dc CMakeFiles/fdc.dir/fdc.c.obj
                0x10004038                FdcServiceOpenFile
 .text.FdcServiceWriteFile
                0x10004214      0x11c CMakeFiles/fdc.dir/fdc.c.obj
                0x10004214                FdcServiceWriteFile
 .text.FdcServiceSetTime
                0x10004330      0x120 CMakeFiles/fdc.dir/fdc.c.obj
                0x10004330                FdcServiceSetTime
 .text.FdcServiceSendData
                0x10004450       0x2c CMakeFiles/fdc.dir/fdc.c.obj
                0x10004450                FdcServiceSendData
 .text.FdcServiceStateMachine
                0x1000447c       0xa8 CMakeFiles/fdc.dir/fdc.c.obj
                0x1000447c                FdcServiceStateMachine
 .text.spi0_dma_isr
                0x10004524       0x18 CMakeFiles/fdc.dir/hw_config.c.obj
                0x10004524                spi0_dma_isr
 .text.sd_get_num
                0x1000453c        0xc CMakeFiles/fdc.dir/hw_config.c.obj
                0x1000453c                sd_get_num
 .text.sd_get_by_num
                0x10004548       0x38 CMakeFiles/fdc.dir/hw_config.c.obj
                0x10004548                sd_get_by_num
 .text.spi_get_num
                0x10004580        0xc CMakeFiles/fdc.dir/hw_config.c.obj
                0x10004580                spi_get_num
 .text.spi_get_by_num
                0x1000458c       0x30 CMakeFiles/fdc.dir/hw_config.c.obj
                0x1000458c                spi_get_by_num
 .text.gpio_get
                0x100045bc       0x26 CMakeFiles/fdc.dir/sd_core.c.obj
 .text.sd_get_fs_by_name
                0x100045e2       0x52 CMakeFiles/fdc.dir/sd_core.c.obj
 .text.get_cd   0x10004634       0x24 CMakeFiles/fdc.dir/sd_core.c.obj
                0x10004634                get_cd
 .text.get_wp   0x10004658        0xc CMakeFiles/fdc.dir/sd_core.c.obj
                0x10004658                get_wp
 .text.sd_getfreespace
                0x10004664      0x104 CMakeFiles/fdc.dir/sd_core.c.obj
                0x10004664                sd_getfreespace
 .text.IdentifySdCard
                0x10004768      0x11c CMakeFiles/fdc.dir/sd_core.c.obj
                0x10004768                IdentifySdCard
 .text.TestSdCardInsertion
                0x10004884       0xa0 CMakeFiles/fdc.dir/sd_core.c.obj
                0x10004884                TestSdCardInsertion
 .text.SDHC_Init
                0x10004924       0x74 CMakeFiles/fdc.dir/sd_core.c.obj
                0x10004924                SDHC_Init
 .text.CodeDateTime
                0x10004998      0x14c CMakeFiles/fdc.dir/system.c.obj
                0x10004998                CodeDateTime
 .text.ParseDateTime
                0x10004ae4      0x1a0 CMakeFiles/fdc.dir/system.c.obj
                0x10004ae4                ParseDateTime
 .text.EncodeDateTime
                0x10004c84       0xfc CMakeFiles/fdc.dir/system.c.obj
                0x10004c84                EncodeDateTime
 .text.CountDown
                0x10004d80       0x2a CMakeFiles/fdc.dir/system.c.obj
                0x10004d80                CountDown
 .text.CountUp  0x10004daa       0x26 CMakeFiles/fdc.dir/system.c.obj
                0x10004daa                CountUp
 .text.SkipBlanks
                0x10004dd0       0x32 CMakeFiles/fdc.dir/system.c.obj
                0x10004dd0                SkipBlanks
 .text.SkipToBlank
                0x10004e02       0x32 CMakeFiles/fdc.dir/system.c.obj
                0x10004e02                SkipToBlank
 .text.CopySectionName
                0x10004e34       0x90 CMakeFiles/fdc.dir/system.c.obj
                0x10004e34                CopySectionName
 .text.CopyLabelName
                0x10004ec4       0x94 CMakeFiles/fdc.dir/system.c.obj
                0x10004ec4                CopyLabelName
 .text.CopyString
                0x10004f58       0x4e CMakeFiles/fdc.dir/system.c.obj
                0x10004f58                CopyString
 *fill*         0x10004fa6        0x2 
 .text.StrToUpper
                0x10004fa8       0x5c CMakeFiles/fdc.dir/system.c.obj
                0x10004fa8                StrToUpper
 .text.stristr  0x10005004      0x124 CMakeFiles/fdc.dir/system.c.obj
                0x10005004                stristr
 .text.stricmp  0x10005128      0x194 CMakeFiles/fdc.dir/system.c.obj
                0x10005128                stricmp
 .text.strcat_s
                0x100052bc       0x5a CMakeFiles/fdc.dir/system.c.obj
                0x100052bc                strcat_s
 *fill*         0x10005316        0x2 
 .text.InitVars
                0x10005318       0x68 CMakeFiles/fdc.dir/Vars.c.obj
                0x10005318                InitVars
 .text.Calculate_CRC_CCITT
                0x10005380       0x74 CMakeFiles/fdc.dir/crc.c.obj
                0x10005380                Calculate_CRC_CCITT
 .text.FileSystemInit
                0x100053f4       0x50 CMakeFiles/fdc.dir/File.c.obj
                0x100053f4                FileSystemInit
 .text.FileOpen
                0x10005444       0xb0 CMakeFiles/fdc.dir/File.c.obj
                0x10005444                FileOpen
 .text.FileClose
                0x100054f4       0x30 CMakeFiles/fdc.dir/File.c.obj
                0x100054f4                FileClose
 .text.FileRead
                0x10005524       0x40 CMakeFiles/fdc.dir/File.c.obj
                0x10005524                FileRead
 .text.FileWrite
                0x10005564       0x38 CMakeFiles/fdc.dir/File.c.obj
                0x10005564                FileWrite
 .text.FileSeek
                0x1000559c       0x28 CMakeFiles/fdc.dir/File.c.obj
                0x1000559c                FileSeek
 .text.FileFlush
                0x100055c4       0x1a CMakeFiles/fdc.dir/File.c.obj
                0x100055c4                FileFlush
 .text.FileTruncate
                0x100055de       0x1a CMakeFiles/fdc.dir/File.c.obj
                0x100055de                FileTruncate
 .text.IsEOF    0x100055f8       0x2a CMakeFiles/fdc.dir/File.c.obj
                0x100055f8                IsEOF
 .text.FileReadLine
                0x10005622       0x86 CMakeFiles/fdc.dir/File.c.obj
                0x10005622                FileReadLine
 .text.FileExists
                0x100056a8       0xd8 CMakeFiles/fdc.dir/File.c.obj
                0x100056a8                FileExists
 .text.time_us_32
                0x10005780       0x14 CMakeFiles/fdc.dir/Trace.c.obj
 .text.InitBusTrace
                0x10005794       0x60 CMakeFiles/fdc.dir/Trace.c.obj
                0x10005794                InitBusTrace
 .text.StrCatBit
                0x100057f4       0x60 CMakeFiles/fdc.dir/Trace.c.obj
                0x100057f4                StrCatBit
 .text.StrCatCommand
                0x10005854      0x318 CMakeFiles/fdc.dir/Trace.c.obj
                0x10005854                StrCatCommand
 .text.StrCatDesc
                0x10005b6c      0x74c CMakeFiles/fdc.dir/Trace.c.obj
                0x10005b6c                StrCatDesc
 .text.GetTraceHeader
                0x100062b8       0x24 CMakeFiles/fdc.dir/Trace.c.obj
                0x100062b8                GetTraceHeader
 .text.InitTraceCapture
                0x100062dc       0x1e CMakeFiles/fdc.dir/Trace.c.obj
                0x100062dc                InitTraceCapture
 *fill*         0x100062fa        0x2 
 .text.DecodeBusData
                0x100062fc      0x124 CMakeFiles/fdc.dir/Trace.c.obj
                0x100062fc                DecodeBusData
 .text.TraceIgnore
                0x10006420       0xcc CMakeFiles/fdc.dir/Trace.c.obj
                0x10006420                TraceIgnore
 .text.RecordBusHistory
                0x100064ec      0x154 CMakeFiles/fdc.dir/Trace.c.obj
                0x100064ec                RecordBusHistory
 .text.FlushTraceBuffer
                0x10006640       0xd8 CMakeFiles/fdc.dir/Trace.c.obj
                0x10006640                FlushTraceBuffer
 .text.LoadHfeTrack
                0x10006718      0x354 CMakeFiles/fdc.dir/hfe.c.obj
                0x10006718                LoadHfeTrack
 .text.gpio_set_function
                0x10006a6c       0x64 CMakeFiles/fdc.dir/C_/VSARM/sdk/pico/pico-sdk/src/rp2_common/hardware_gpio/gpio.c.obj
                0x10006a6c                gpio_set_function
 .text.gpio_set_pulls
                0x10006ad0       0x74 CMakeFiles/fdc.dir/C_/VSARM/sdk/pico/pico-sdk/src/rp2_common/hardware_gpio/gpio.c.obj
                0x10006ad0                gpio_set_pulls
 .text.gpio_init
                0x10006b44       0x36 CMakeFiles/fdc.dir/C_/VSARM/sdk/pico/pico-sdk/src/rp2_common/hardware_gpio/gpio.c.obj
                0x10006b44                gpio_init
 .text.gpio_init_mask
                0x10006b7a       0x3a CMakeFiles/fdc.dir/C_/VSARM/sdk/pico/pico-sdk/src/rp2_common/hardware_gpio/gpio.c.obj
                0x10006b7a                gpio_init_mask
 .text.hw_claim_lock
                0x10006bb4       0x50 CMakeFiles/fdc.dir/C_/VSARM/sdk/pico/pico-sdk/src/rp2_common/hardware_claim/claim.c.obj
                0x10006bb4                hw_claim_lock
 .text.hw_claim_unlock
                0x10006c04       0x4c CMakeFiles/fdc.dir/C_/VSARM/sdk/pico/pico-sdk/src/rp2_common/hardware_claim/claim.c.obj
                0x10006c04                hw_claim_unlock
 .text.hw_is_claimed
                0x10006c50       0x32 CMakeFiles/fdc.dir/C_/VSARM/sdk/pico/pico-sdk/src/rp2_common/hardware_claim/claim.c.obj
                0x10006c50                hw_is_claimed
 .text.hw_claim_or_assert
                0x10006c82       0x66 CMakeFiles/fdc.dir/C_/VSARM/sdk/pico/pico-sdk/src/rp2_common/hardware_claim/claim.c.obj
                0x10006c82                hw_claim_or_assert
 .text.hw_claim_unused_from_range
                0x10006ce8       0xa6 CMakeFiles/fdc.dir/C_/VSARM/sdk/pico/pico-sdk/src/rp2_common/hardware_claim/claim.c.obj
                0x10006ce8                hw_claim_unused_from_range
 *fill*         0x10006d8e        0x2 
 .text.running_on_fpga
                0x10006d90       0x1c CMakeFiles/fdc.dir/C_/VSARM/sdk/pico/pico-sdk/src/rp2_common/pico_platform/platform.c.obj
                0x10006d90                running_on_fpga
 .text.spin_locks_reset
                0x10006dac       0x48 CMakeFiles/fdc.dir/C_/VSARM/sdk/pico/pico-sdk/src/rp2_common/hardware_sync/sync.c.obj
                0x10006dac                spin_locks_reset
 .text.next_striped_spin_lock_num
                0x10006df4       0x30 CMakeFiles/fdc.dir/C_/VSARM/sdk/pico/pico-sdk/src/rp2_common/hardware_sync/sync.c.obj
                0x10006df4                next_striped_spin_lock_num
 .text.uart_get_index
                0x10006e24       0x24 CMakeFiles/fdc.dir/C_/VSARM/sdk/pico/pico-sdk/src/rp2_common/hardware_uart/uart.c.obj
 .text.uart_get_hw
                0x10006e48       0x1a CMakeFiles/fdc.dir/C_/VSARM/sdk/pico/pico-sdk/src/rp2_common/hardware_uart/uart.c.obj
 .text.uart_set_format
                0x10006e62       0x80 CMakeFiles/fdc.dir/C_/VSARM/sdk/pico/pico-sdk/src/rp2_common/hardware_uart/uart.c.obj
 *fill*         0x10006ee2        0x2 
 .text.reset_block
                0x10006ee4       0x2c CMakeFiles/fdc.dir/C_/VSARM/sdk/pico/pico-sdk/src/rp2_common/hardware_uart/uart.c.obj
 .text.unreset_block_wait
                0x10006f10       0x3c CMakeFiles/fdc.dir/C_/VSARM/sdk/pico/pico-sdk/src/rp2_common/hardware_uart/uart.c.obj
 .text.uart_reset
                0x10006f4c       0x2c CMakeFiles/fdc.dir/C_/VSARM/sdk/pico/pico-sdk/src/rp2_common/hardware_uart/uart.c.obj
 .text.uart_unreset
                0x10006f78       0x2c CMakeFiles/fdc.dir/C_/VSARM/sdk/pico/pico-sdk/src/rp2_common/hardware_uart/uart.c.obj
 .text.uart_init
                0x10006fa4       0x98 CMakeFiles/fdc.dir/C_/VSARM/sdk/pico/pico-sdk/src/rp2_common/hardware_uart/uart.c.obj
                0x10006fa4                uart_init
 .text.uart_set_baudrate
                0x1000703c       0xbc CMakeFiles/fdc.dir/C_/VSARM/sdk/pico/pico-sdk/src/rp2_common/hardware_uart/uart.c.obj
                0x1000703c                uart_set_baudrate
 .text.uart_set_translate_crlf
                0x100070f8       0x3c CMakeFiles/fdc.dir/C_/VSARM/sdk/pico/pico-sdk/src/rp2_common/hardware_uart/uart.c.obj
                0x100070f8                uart_set_translate_crlf
 .text.to_us_since_boot
                0x10007134       0x18 CMakeFiles/fdc.dir/C_/VSARM/sdk/pico/pico-sdk/src/common/pico_time/time.c.obj
 .text.update_us_since_boot
                0x1000714c       0x40 CMakeFiles/fdc.dir/C_/VSARM/sdk/pico/pico-sdk/src/common/pico_time/time.c.obj
 .text.time_reached
                0x1000718c       0x64 CMakeFiles/fdc.dir/C_/VSARM/sdk/pico/pico-sdk/src/common/pico_time/time.c.obj
 .text.get_absolute_time
                0x100071f0       0x2c CMakeFiles/fdc.dir/C_/VSARM/sdk/pico/pico-sdk/src/common/pico_time/time.c.obj
 .text.delayed_by_us
                0x1000721c       0x72 CMakeFiles/fdc.dir/C_/VSARM/sdk/pico/pico-sdk/src/common/pico_time/time.c.obj
 .text.absolute_time_diff_us
                0x1000728e       0x40 CMakeFiles/fdc.dir/C_/VSARM/sdk/pico/pico-sdk/src/common/pico_time/time.c.obj
 .text.add_alarm_at
                0x100072ce       0x34 CMakeFiles/fdc.dir/C_/VSARM/sdk/pico/pico-sdk/src/common/pico_time/time.c.obj
 .text.cancel_alarm
                0x10007302       0x22 CMakeFiles/fdc.dir/C_/VSARM/sdk/pico/pico-sdk/src/common/pico_time/time.c.obj
 .text.ph_get_node
                0x10007324       0x54 CMakeFiles/fdc.dir/C_/VSARM/sdk/pico/pico-sdk/src/common/pico_time/time.c.obj
 .text.ph_add_child_node
                0x10007378       0xc4 CMakeFiles/fdc.dir/C_/VSARM/sdk/pico/pico-sdk/src/common/pico_time/time.c.obj
 .text.ph_merge_nodes
                0x1000743c       0x7e CMakeFiles/fdc.dir/C_/VSARM/sdk/pico/pico-sdk/src/common/pico_time/time.c.obj
 .text.ph_new_node
                0x100074ba       0x6a CMakeFiles/fdc.dir/C_/VSARM/sdk/pico/pico-sdk/src/common/pico_time/time.c.obj
 .text.ph_insert_node
                0x10007524       0x7c CMakeFiles/fdc.dir/C_/VSARM/sdk/pico/pico-sdk/src/common/pico_time/time.c.obj
 .text.ph_peek_head
                0x100075a0       0x14 CMakeFiles/fdc.dir/C_/VSARM/sdk/pico/pico-sdk/src/common/pico_time/time.c.obj
 .text.ph_contains_node
                0x100075b4       0x46 CMakeFiles/fdc.dir/C_/VSARM/sdk/pico/pico-sdk/src/common/pico_time/time.c.obj
 *fill*         0x100075fa        0x2 
 .text.ph_free_node
                0x100075fc       0x70 CMakeFiles/fdc.dir/C_/VSARM/sdk/pico/pico-sdk/src/common/pico_time/time.c.obj
 .text.default_alarm_pool_initialized
                0x1000766c       0x18 CMakeFiles/fdc.dir/C_/VSARM/sdk/pico/pico-sdk/src/common/pico_time/time.c.obj
 .text.get_entry
                0x10007684       0x5c CMakeFiles/fdc.dir/C_/VSARM/sdk/pico/pico-sdk/src/common/pico_time/time.c.obj
 .text.get_entry_id_high
                0x100076e0       0x50 CMakeFiles/fdc.dir/C_/VSARM/sdk/pico/pico-sdk/src/common/pico_time/time.c.obj
 .text.timer_pool_entry_comparator
                0x10007730       0x76 CMakeFiles/fdc.dir/C_/VSARM/sdk/pico/pico-sdk/src/common/pico_time/time.c.obj
                0x10007730                timer_pool_entry_comparator
 .text.make_public_id
                0x100077a6       0x26 CMakeFiles/fdc.dir/C_/VSARM/sdk/pico/pico-sdk/src/common/pico_time/time.c.obj
 .text.alarm_pool_init_default
                0x100077cc       0x4c CMakeFiles/fdc.dir/C_/VSARM/sdk/pico/pico-sdk/src/common/pico_time/time.c.obj
                0x100077cc                alarm_pool_init_default
 .text.alarm_pool_get_default
                0x10007818       0x30 CMakeFiles/fdc.dir/C_/VSARM/sdk/pico/pico-sdk/src/common/pico_time/time.c.obj
                0x10007818                alarm_pool_get_default
 .text.add_alarm_under_lock
                0x10007848      0x128 CMakeFiles/fdc.dir/C_/VSARM/sdk/pico/pico-sdk/src/common/pico_time/time.c.obj
 .text.alarm_pool_alarm_callback
                0x10007970      0x414 CMakeFiles/fdc.dir/C_/VSARM/sdk/pico/pico-sdk/src/common/pico_time/time.c.obj
 .text.alarm_pool_post_alloc_init
                0x10007d84       0x64 CMakeFiles/fdc.dir/C_/VSARM/sdk/pico/pico-sdk/src/common/pico_time/time.c.obj
 .text.alarm_pool_add_alarm_at
                0x10007de8      0x192 CMakeFiles/fdc.dir/C_/VSARM/sdk/pico/pico-sdk/src/common/pico_time/time.c.obj
                0x10007de8                alarm_pool_add_alarm_at
 *fill*         0x10007f7a        0x2 
 .text.alarm_pool_cancel_alarm
                0x10007f7c      0x128 CMakeFiles/fdc.dir/C_/VSARM/sdk/pico/pico-sdk/src/common/pico_time/time.c.obj
                0x10007f7c                alarm_pool_cancel_alarm
 .text.sleep_until_callback
                0x100080a4       0x80 CMakeFiles/fdc.dir/C_/VSARM/sdk/pico/pico-sdk/src/common/pico_time/time.c.obj
 .text.best_effort_wfe_or_timeout
                0x10008124       0x5c CMakeFiles/fdc.dir/C_/VSARM/sdk/pico/pico-sdk/src/common/pico_time/time.c.obj
                0x10008124                best_effort_wfe_or_timeout
 .text.to_us_since_boot
                0x10008180       0x18 CMakeFiles/fdc.dir/C_/VSARM/sdk/pico/pico-sdk/src/rp2_common/hardware_timer/timer.c.obj
 .text.update_us_since_boot
                0x10008198       0x40 CMakeFiles/fdc.dir/C_/VSARM/sdk/pico/pico-sdk/src/rp2_common/hardware_timer/timer.c.obj
 .text.check_hardware_alarm_num_param
                0x100081d8       0x10 CMakeFiles/fdc.dir/C_/VSARM/sdk/pico/pico-sdk/src/rp2_common/hardware_timer/timer.c.obj
 .text.irq_clear
                0x100081e8       0x24 CMakeFiles/fdc.dir/C_/VSARM/sdk/pico/pico-sdk/src/rp2_common/hardware_timer/timer.c.obj
 .text.hardware_alarm_claim
                0x1000820c       0x2c CMakeFiles/fdc.dir/C_/VSARM/sdk/pico/pico-sdk/src/rp2_common/hardware_timer/timer.c.obj
                0x1000820c                hardware_alarm_claim
 .text.time_us_64
                0x10008238       0x60 CMakeFiles/fdc.dir/C_/VSARM/sdk/pico/pico-sdk/src/rp2_common/hardware_timer/timer.c.obj
                0x10008238                time_us_64
 .text.busy_wait_us
                0x10008298       0x6a CMakeFiles/fdc.dir/C_/VSARM/sdk/pico/pico-sdk/src/rp2_common/hardware_timer/timer.c.obj
                0x10008298                busy_wait_us
 *fill*         0x10008302        0x2 
 .text.busy_wait_until
                0x10008304       0x6c CMakeFiles/fdc.dir/C_/VSARM/sdk/pico/pico-sdk/src/rp2_common/hardware_timer/timer.c.obj
                0x10008304                busy_wait_until
 .text.harware_alarm_irq_number
                0x10008370       0x12 CMakeFiles/fdc.dir/C_/VSARM/sdk/pico/pico-sdk/src/rp2_common/hardware_timer/timer.c.obj
 *fill*         0x10008382        0x2 
 .text.hardware_alarm_irq_handler
                0x10008384      0x120 CMakeFiles/fdc.dir/C_/VSARM/sdk/pico/pico-sdk/src/rp2_common/hardware_timer/timer.c.obj
 .text.hardware_alarm_set_callback
                0x100084a4      0x134 CMakeFiles/fdc.dir/C_/VSARM/sdk/pico/pico-sdk/src/rp2_common/hardware_timer/timer.c.obj
                0x100084a4                hardware_alarm_set_callback
 .text.hardware_alarm_set_target
                0x100085d8      0x1c4 CMakeFiles/fdc.dir/C_/VSARM/sdk/pico/pico-sdk/src/rp2_common/hardware_timer/timer.c.obj
                0x100085d8                hardware_alarm_set_target
 .text.hardware_alarm_cancel
                0x1000879c       0xb8 CMakeFiles/fdc.dir/C_/VSARM/sdk/pico/pico-sdk/src/rp2_common/hardware_timer/timer.c.obj
                0x1000879c                hardware_alarm_cancel
 .text.to_us_since_boot
                0x10008854       0x18 CMakeFiles/fdc.dir/C_/VSARM/sdk/pico/pico-sdk/src/common/pico_sync/sem.c.obj
 .text.update_us_since_boot
                0x1000886c       0x40 CMakeFiles/fdc.dir/C_/VSARM/sdk/pico/pico-sdk/src/common/pico_sync/sem.c.obj
 .text.get_absolute_time
                0x100088ac       0x2c CMakeFiles/fdc.dir/C_/VSARM/sdk/pico/pico-sdk/src/common/pico_sync/sem.c.obj
 .text.delayed_by_ms
                0x100088d8       0x8c CMakeFiles/fdc.dir/C_/VSARM/sdk/pico/pico-sdk/src/common/pico_sync/sem.c.obj
 .text.make_timeout_time_ms
                0x10008964       0x2a CMakeFiles/fdc.dir/C_/VSARM/sdk/pico/pico-sdk/src/common/pico_sync/sem.c.obj
 .text.sem_init
                0x1000898e       0x48 CMakeFiles/fdc.dir/C_/VSARM/sdk/pico/pico-sdk/src/common/pico_sync/sem.c.obj
                0x1000898e                sem_init
 *fill*         0x100089d6        0x2 
 .text.lock_init
                0x100089d8       0x2c CMakeFiles/fdc.dir/C_/VSARM/sdk/pico/pico-sdk/src/common/pico_sync/lock_core.c.obj
                0x100089d8                lock_init
 .text.mutex_init
                0x10008a04       0x2e CMakeFiles/fdc.dir/C_/VSARM/sdk/pico/pico-sdk/src/common/pico_sync/mutex.c.obj
                0x10008a04                mutex_init
 .text.recursive_mutex_init
                0x10008a32       0x34 CMakeFiles/fdc.dir/C_/VSARM/sdk/pico/pico-sdk/src/common/pico_sync/mutex.c.obj
                0x10008a32                recursive_mutex_init
 *fill*         0x10008a66        0x2 
 .text.ph_get_node
                0x10008a68       0x54 CMakeFiles/fdc.dir/C_/VSARM/sdk/pico/pico-sdk/src/common/pico_util/pheap.c.obj
 .text.ph_add_child_node
                0x10008abc       0xc4 CMakeFiles/fdc.dir/C_/VSARM/sdk/pico/pico-sdk/src/common/pico_util/pheap.c.obj
 .text.ph_merge_nodes
                0x10008b80       0x7e CMakeFiles/fdc.dir/C_/VSARM/sdk/pico/pico-sdk/src/common/pico_util/pheap.c.obj
 .text.ph_peek_head
                0x10008bfe       0x14 CMakeFiles/fdc.dir/C_/VSARM/sdk/pico/pico-sdk/src/common/pico_util/pheap.c.obj
 .text.ph_remove_and_free_head
                0x10008c12       0x1c CMakeFiles/fdc.dir/C_/VSARM/sdk/pico/pico-sdk/src/common/pico_util/pheap.c.obj
 .text.ph_post_alloc_init
                0x10008c2e       0x32 CMakeFiles/fdc.dir/C_/VSARM/sdk/pico/pico-sdk/src/common/pico_util/pheap.c.obj
                0x10008c2e                ph_post_alloc_init
 .text.ph_clear
                0x10008c60       0x78 CMakeFiles/fdc.dir/C_/VSARM/sdk/pico/pico-sdk/src/common/pico_util/pheap.c.obj
                0x10008c60                ph_clear
 .text.ph_merge_two_pass
                0x10008cd8       0xd0 CMakeFiles/fdc.dir/C_/VSARM/sdk/pico/pico-sdk/src/common/pico_util/pheap.c.obj
                0x10008cd8                ph_merge_two_pass
 .text.ph_remove_any_head
                0x10008da8      0x118 CMakeFiles/fdc.dir/C_/VSARM/sdk/pico/pico-sdk/src/common/pico_util/pheap.c.obj
 .text.ph_remove_head
                0x10008ec0       0x44 CMakeFiles/fdc.dir/C_/VSARM/sdk/pico/pico-sdk/src/common/pico_util/pheap.c.obj
                0x10008ec0                ph_remove_head
 .text.ph_remove_and_free_node
                0x10008f04      0x154 CMakeFiles/fdc.dir/C_/VSARM/sdk/pico/pico-sdk/src/common/pico_util/pheap.c.obj
                0x10008f04                ph_remove_and_free_node
 .text.__breakpoint
                0x10009058        0xc CMakeFiles/fdc.dir/C_/VSARM/sdk/pico/pico-sdk/src/rp2_common/pico_runtime/runtime.c.obj
 .text.reset_block
                0x10009064       0x2c CMakeFiles/fdc.dir/C_/VSARM/sdk/pico/pico-sdk/src/rp2_common/pico_runtime/runtime.c.obj
 .text.unreset_block_wait
                0x10009090       0x3c CMakeFiles/fdc.dir/C_/VSARM/sdk/pico/pico-sdk/src/rp2_common/pico_runtime/runtime.c.obj
 .text.runtime_init
                0x100090cc      0x130 CMakeFiles/fdc.dir/C_/VSARM/sdk/pico/pico-sdk/src/rp2_common/pico_runtime/runtime.c.obj
                0x100090cc                runtime_init
 .text._exit    0x100091fc        0xe CMakeFiles/fdc.dir/C_/VSARM/sdk/pico/pico-sdk/src/rp2_common/pico_runtime/runtime.c.obj
                0x100091fc                _exit
 *fill*         0x1000920a        0x2 
 .text._sbrk    0x1000920c       0x58 CMakeFiles/fdc.dir/C_/VSARM/sdk/pico/pico-sdk/src/rp2_common/pico_runtime/runtime.c.obj
                0x1000920c                _sbrk
 .text.exit     0x10009264       0x10 CMakeFiles/fdc.dir/C_/VSARM/sdk/pico/pico-sdk/src/rp2_common/pico_runtime/runtime.c.obj
                0x10009264                exit
 .text.__assert_func
                0x10009274       0x4c CMakeFiles/fdc.dir/C_/VSARM/sdk/pico/pico-sdk/src/rp2_common/pico_runtime/runtime.c.obj
                0x10009274                __assert_func
 .text.panic    0x100092c0       0x40 CMakeFiles/fdc.dir/C_/VSARM/sdk/pico/pico-sdk/src/rp2_common/pico_runtime/runtime.c.obj
                0x100092c0                panic
 .text.has_glitchless_mux
                0x10009300       0x32 CMakeFiles/fdc.dir/C_/VSARM/sdk/pico/pico-sdk/src/rp2_common/hardware_clocks/clocks.c.obj
 *fill*         0x10009332        0x2 
 .text.clock_configure
                0x10009334      0x274 CMakeFiles/fdc.dir/C_/VSARM/sdk/pico/pico-sdk/src/rp2_common/hardware_clocks/clocks.c.obj
                0x10009334                clock_configure
 .text.clocks_init
                0x100095a8      0x148 CMakeFiles/fdc.dir/C_/VSARM/sdk/pico/pico-sdk/src/rp2_common/hardware_clocks/clocks.c.obj
                0x100095a8                clocks_init
 .text.clock_get_hz
                0x100096f0       0x24 CMakeFiles/fdc.dir/C_/VSARM/sdk/pico/pico-sdk/src/rp2_common/hardware_clocks/clocks.c.obj
                0x100096f0                clock_get_hz
 .text.check_irq_param
                0x10009714       0x10 CMakeFiles/fdc.dir/C_/VSARM/sdk/pico/pico-sdk/src/rp2_common/hardware_irq/irq.c.obj
 .text.get_vtable
                0x10009724       0x14 CMakeFiles/fdc.dir/C_/VSARM/sdk/pico/pico-sdk/src/rp2_common/hardware_irq/irq.c.obj
 .text.add_thumb_bit
                0x10009738       0x16 CMakeFiles/fdc.dir/C_/VSARM/sdk/pico/pico-sdk/src/rp2_common/hardware_irq/irq.c.obj
 .text.remove_thumb_bit
                0x1000974e       0x16 CMakeFiles/fdc.dir/C_/VSARM/sdk/pico/pico-sdk/src/rp2_common/hardware_irq/irq.c.obj
 .text.set_raw_irq_handler_and_unlock
                0x10009764       0x68 CMakeFiles/fdc.dir/C_/VSARM/sdk/pico/pico-sdk/src/rp2_common/hardware_irq/irq.c.obj
 .text.irq_set_enabled
                0x100097cc       0x30 CMakeFiles/fdc.dir/C_/VSARM/sdk/pico/pico-sdk/src/rp2_common/hardware_irq/irq.c.obj
                0x100097cc                irq_set_enabled
 .text.irq_is_enabled
                0x100097fc       0x30 CMakeFiles/fdc.dir/C_/VSARM/sdk/pico/pico-sdk/src/rp2_common/hardware_irq/irq.c.obj
                0x100097fc                irq_is_enabled
 .text.irq_set_mask_enabled
                0x1000982c       0x40 CMakeFiles/fdc.dir/C_/VSARM/sdk/pico/pico-sdk/src/rp2_common/hardware_irq/irq.c.obj
                0x1000982c                irq_set_mask_enabled
 .text.is_shared_irq_raw_handler
                0x1000986c       0x24 CMakeFiles/fdc.dir/C_/VSARM/sdk/pico/pico-sdk/src/rp2_common/hardware_irq/irq.c.obj
 .text.irq_get_vtable_handler
                0x10009890       0x28 CMakeFiles/fdc.dir/C_/VSARM/sdk/pico/pico-sdk/src/rp2_common/hardware_irq/irq.c.obj
                0x10009890                irq_get_vtable_handler
 .text.irq_set_exclusive_handler
                0x100098b8       0xa4 CMakeFiles/fdc.dir/C_/VSARM/sdk/pico/pico-sdk/src/rp2_common/hardware_irq/irq.c.obj
                0x100098b8                irq_set_exclusive_handler
 .text.make_branch
                0x1000995c       0x58 CMakeFiles/fdc.dir/C_/VSARM/sdk/pico/pico-sdk/src/rp2_common/hardware_irq/irq.c.obj
 .text.insert_branch_and_link
                0x100099b4       0x74 CMakeFiles/fdc.dir/C_/VSARM/sdk/pico/pico-sdk/src/rp2_common/hardware_irq/irq.c.obj
 .text.resolve_branch
                0x10009a28       0x5c CMakeFiles/fdc.dir/C_/VSARM/sdk/pico/pico-sdk/src/rp2_common/hardware_irq/irq.c.obj
 .text.slot_diff
                0x10009a84       0x30 CMakeFiles/fdc.dir/C_/VSARM/sdk/pico/pico-sdk/src/rp2_common/hardware_irq/irq.c.obj
 .text.get_slot_index
                0x10009ab4       0x24 CMakeFiles/fdc.dir/C_/VSARM/sdk/pico/pico-sdk/src/rp2_common/hardware_irq/irq.c.obj
 .text.irq_add_shared_handler
                0x10009ad8      0x2d4 CMakeFiles/fdc.dir/C_/VSARM/sdk/pico/pico-sdk/src/rp2_common/hardware_irq/irq.c.obj
                0x10009ad8                irq_add_shared_handler
 .text.irq_remove_handler
                0x10009dac      0x254 CMakeFiles/fdc.dir/C_/VSARM/sdk/pico/pico-sdk/src/rp2_common/hardware_irq/irq.c.obj
                0x10009dac                irq_remove_handler
 .text.irq_add_tail_to_free_list
                0x1000a000      0x1b4 CMakeFiles/fdc.dir/C_/VSARM/sdk/pico/pico-sdk/src/rp2_common/hardware_irq/irq.c.obj
                0x1000a000                irq_add_tail_to_free_list
 .text.irq_init_priorities
                0x1000a1b4       0x3c CMakeFiles/fdc.dir/C_/VSARM/sdk/pico/pico-sdk/src/rp2_common/hardware_irq/irq.c.obj
                0x1000a1b4                irq_init_priorities
 .text.reset_block
                0x1000a1f0       0x2c CMakeFiles/fdc.dir/C_/VSARM/sdk/pico/pico-sdk/src/rp2_common/hardware_pll/pll.c.obj
 .text.unreset_block_wait
                0x1000a21c       0x3c CMakeFiles/fdc.dir/C_/VSARM/sdk/pico/pico-sdk/src/rp2_common/hardware_pll/pll.c.obj
 .text.pll_init
                0x1000a258      0x178 CMakeFiles/fdc.dir/C_/VSARM/sdk/pico/pico-sdk/src/rp2_common/hardware_pll/pll.c.obj
                0x1000a258                pll_init
 .text.watchdog_start_tick
                0x1000a3d0       0x20 CMakeFiles/fdc.dir/C_/VSARM/sdk/pico/pico-sdk/src/rp2_common/hardware_watchdog/watchdog.c.obj
                0x1000a3d0                watchdog_start_tick
 .text.xosc_init
                0x1000a3f0       0x48 CMakeFiles/fdc.dir/C_/VSARM/sdk/pico/pico-sdk/src/rp2_common/hardware_xosc/xosc.c.obj
                0x1000a3f0                xosc_init
 .text._out_buffer
                0x1000a438       0x30 CMakeFiles/fdc.dir/C_/VSARM/sdk/pico/pico-sdk/src/rp2_common/pico_printf/printf.c.obj
 .text._out_null
                0x1000a468       0x1c CMakeFiles/fdc.dir/C_/VSARM/sdk/pico/pico-sdk/src/rp2_common/pico_printf/printf.c.obj
 .text._out_fct
                0x1000a484       0x36 CMakeFiles/fdc.dir/C_/VSARM/sdk/pico/pico-sdk/src/rp2_common/pico_printf/printf.c.obj
 .text._strnlen_s
                0x1000a4ba       0x36 CMakeFiles/fdc.dir/C_/VSARM/sdk/pico/pico-sdk/src/rp2_common/pico_printf/printf.c.obj
 .text._is_digit
                0x1000a4f0       0x32 CMakeFiles/fdc.dir/C_/VSARM/sdk/pico/pico-sdk/src/rp2_common/pico_printf/printf.c.obj
 .text._atoi    0x1000a522       0x46 CMakeFiles/fdc.dir/C_/VSARM/sdk/pico/pico-sdk/src/rp2_common/pico_printf/printf.c.obj
 .text._out_rev
                0x1000a568       0x9a CMakeFiles/fdc.dir/C_/VSARM/sdk/pico/pico-sdk/src/rp2_common/pico_printf/printf.c.obj
 .text._ntoa_format
                0x1000a602      0x1ac CMakeFiles/fdc.dir/C_/VSARM/sdk/pico/pico-sdk/src/rp2_common/pico_printf/printf.c.obj
 .text._ntoa_long
                0x1000a7ae       0xd2 CMakeFiles/fdc.dir/C_/VSARM/sdk/pico/pico-sdk/src/rp2_common/pico_printf/printf.c.obj
 .text._ntoa_long_long
                0x1000a880       0xe6 CMakeFiles/fdc.dir/C_/VSARM/sdk/pico/pico-sdk/src/rp2_common/pico_printf/printf.c.obj
 *fill*         0x1000a966        0x2 
 .text._ftoa    0x1000a968      0x494 CMakeFiles/fdc.dir/C_/VSARM/sdk/pico/pico-sdk/src/rp2_common/pico_printf/printf.c.obj
 .text._etoa    0x1000adfc      0x594 CMakeFiles/fdc.dir/C_/VSARM/sdk/pico/pico-sdk/src/rp2_common/pico_printf/printf.c.obj
 .text._vsnprintf
                0x1000b390      0x8a0 CMakeFiles/fdc.dir/C_/VSARM/sdk/pico/pico-sdk/src/rp2_common/pico_printf/printf.c.obj
 .text.__wrap_sprintf
                0x1000bc30       0x3c CMakeFiles/fdc.dir/C_/VSARM/sdk/pico/pico-sdk/src/rp2_common/pico_printf/printf.c.obj
                0x1000bc30                __wrap_sprintf
 .text.vfctprintf
                0x1000bc6c       0x40 CMakeFiles/fdc.dir/C_/VSARM/sdk/pico/pico-sdk/src/rp2_common/pico_printf/printf.c.obj
                0x1000bc6c                vfctprintf
 .text          0x1000bcac       0x10 CMakeFiles/fdc.dir/C_/VSARM/sdk/pico/pico-sdk/src/rp2_common/pico_bit_ops/bit_ops_aeabi.S.obj
 .text.ctzsi    0x1000bcbc        0xc CMakeFiles/fdc.dir/C_/VSARM/sdk/pico/pico-sdk/src/rp2_common/pico_bit_ops/bit_ops_aeabi.S.obj
                0x1000bcbc                __wrap___ctzsi2
 .text.rom_func_lookup
                0x1000bcc8       0x2c CMakeFiles/fdc.dir/C_/VSARM/sdk/pico/pico-sdk/src/rp2_common/pico_bootrom/bootrom.c.obj
                0x1000bcc8                rom_func_lookup
 .text.rom_data_lookup
                0x1000bcf4       0x28 CMakeFiles/fdc.dir/C_/VSARM/sdk/pico/pico-sdk/src/rp2_common/pico_bootrom/bootrom.c.obj
                0x1000bcf4                rom_data_lookup
 .text.rom_funcs_lookup
                0x1000bd1c       0x68 CMakeFiles/fdc.dir/C_/VSARM/sdk/pico/pico-sdk/src/rp2_common/pico_bootrom/bootrom.c.obj
                0x1000bd1c                rom_funcs_lookup
 .text.__wrap___aeabi_idiv
                0x1000bd84       0x50 CMakeFiles/fdc.dir/C_/VSARM/sdk/pico/pico-sdk/src/rp2_common/pico_divider/divider.S.obj
                0x1000bd84                __wrap___aeabi_idivmod
                0x1000bd84                divmod_s32s32
                0x1000bd84                div_s32s32
                0x1000bd84                __wrap___aeabi_idiv
                0x1000bd8c                divmod_s32s32_unsafe
                0x1000bdb8                divmod_s32s32_savestate
 .text.__wrap___aeabi_uidiv
                0x1000bdd4       0x4c CMakeFiles/fdc.dir/C_/VSARM/sdk/pico/pico-sdk/src/rp2_common/pico_divider/divider.S.obj
                0x1000bdd4                __wrap___aeabi_uidiv
                0x1000bdd4                __wrap___aeabi_uidivmod
                0x1000bdd4                div_u32u32
                0x1000bdd4                divmod_u32u32
                0x1000bddc                divmod_u32u32_unsafe
                0x1000be04                divmod_u32u32_savestate
 .text.__wrap___aeabi_ldiv
                0x1000be20      0x434 CMakeFiles/fdc.dir/C_/VSARM/sdk/pico/pico-sdk/src/rp2_common/pico_divider/divider.S.obj
                0x1000be20                div_s64s64
                0x1000be20                divmod_s64s64
                0x1000be20                __wrap___aeabi_ldivmod
                0x1000be58                divmod_u64u64
                0x1000be58                div_u64u64
                0x1000be58                __wrap___aeabi_uldivmod
                0x1000be68                divmod_u64u64_savestate
                0x1000be90                divmod_s64s64_unsafe
                0x1000bf18                divmod_u64u64_unsafe
 .text.__wrap___aeabi_darithmetic
                0x1000c254       0x80 CMakeFiles/fdc.dir/C_/VSARM/sdk/pico/pico-sdk/src/rp2_common/pico_double/double_aeabi.S.obj
                0x1000c254                __wrap___aeabi_drsub
                0x1000c25a                __wrap___aeabi_dsub
                0x1000c26c                __wrap___aeabi_dadd
                0x1000c27e                __wrap___aeabi_ddiv
                0x1000c2ba                __wrap___aeabi_dmul
 .text.__wrap___aeabi_cdcmple
                0x1000c2d4       0x6c CMakeFiles/fdc.dir/C_/VSARM/sdk/pico/pico-sdk/src/rp2_common/pico_double/double_aeabi.S.obj
                0x1000c2d4                __wrap___aeabi_cdrcmple
                0x1000c2e4                __wrap___aeabi_cdcmpeq
                0x1000c2e4                __wrap___aeabi_cdcmple
 .text.__wrap___aeabi_dcmplt
                0x1000c340        0xc CMakeFiles/fdc.dir/C_/VSARM/sdk/pico/pico-sdk/src/rp2_common/pico_double/double_aeabi.S.obj
                0x1000c340                __wrap___aeabi_dcmplt
 .text.__wrap___aeabi_dcmpge
                0x1000c34c       0x10 CMakeFiles/fdc.dir/C_/VSARM/sdk/pico/pico-sdk/src/rp2_common/pico_double/double_aeabi.S.obj
                0x1000c34c                __wrap___aeabi_dcmpge
 .text.__wrap___aeabi_dcmpgt
                0x1000c35c        0xa CMakeFiles/fdc.dir/C_/VSARM/sdk/pico/pico-sdk/src/rp2_common/pico_double/double_aeabi.S.obj
                0x1000c35c                __wrap___aeabi_dcmpgt
 .text.__wrap___aeabi_dcmpun
                0x1000c366       0x1c CMakeFiles/fdc.dir/C_/VSARM/sdk/pico/pico-sdk/src/rp2_common/pico_double/double_aeabi.S.obj
                0x1000c366                __wrap___aeabi_dcmpun
 *fill*         0x1000c382        0x2 
 .text.__wrap___aeabi_i2d
                0x1000c384       0x38 CMakeFiles/fdc.dir/C_/VSARM/sdk/pico/pico-sdk/src/rp2_common/pico_double/double_aeabi.S.obj
                0x1000c384                __wrap___aeabi_ui2d
                0x1000c38c                __wrap___aeabi_i2d
 .text.__wrap___aeabi_d2iz
                0x1000c3bc       0x48 CMakeFiles/fdc.dir/C_/VSARM/sdk/pico/pico-sdk/src/rp2_common/pico_double/double_aeabi.S.obj
                0x1000c3bc                double2int_z
                0x1000c3bc                __wrap___aeabi_d2iz
 .text.__wrap___aeabi_d2uiz
                0x1000c404       0x18 CMakeFiles/fdc.dir/C_/VSARM/sdk/pico/pico-sdk/src/rp2_common/pico_double/double_aeabi.S.obj
                0x1000c404                __wrap___aeabi_d2uiz
                0x1000c404                double2uint
 .text.rp2040_rom_version
                0x1000c41c        0xe CMakeFiles/fdc.dir/C_/VSARM/sdk/pico/pico-sdk/src/rp2_common/pico_double/double_init_rom.c.obj
 .text.rom_table_code
                0x1000c42a       0x26 CMakeFiles/fdc.dir/C_/VSARM/sdk/pico/pico-sdk/src/rp2_common/pico_double/double_init_rom.c.obj
 .text.__aeabi_double_init
                0x1000c450       0xfc CMakeFiles/fdc.dir/C_/VSARM/sdk/pico/pico-sdk/src/rp2_common/pico_double/double_init_rom.c.obj
                0x1000c450                __aeabi_double_init
 .text.double_table_shim_on_use_helper
                0x1000c54c       0x34 CMakeFiles/fdc.dir/C_/VSARM/sdk/pico/pico-sdk/src/rp2_common/pico_double/double_v1_rom_shim.S.obj
                0x1000c54c                double_table_shim_on_use_helper
 .text.__wrap___aeabi_dsub
                0x1000c580       0x10 CMakeFiles/fdc.dir/C_/VSARM/sdk/pico/pico-sdk/src/rp2_common/pico_double/double_v1_rom_shim.S.obj
                0x1000c580                drsub_shim
                0x1000c586                dsub_shim
 .text.dadd_shim
                0x1000c590      0x15c CMakeFiles/fdc.dir/C_/VSARM/sdk/pico/pico-sdk/src/rp2_common/pico_double/double_v1_rom_shim.S.obj
                0x1000c590                dadd_shim
 .text.dmul_shim
                0x1000c6ec      0x15c CMakeFiles/fdc.dir/C_/VSARM/sdk/pico/pico-sdk/src/rp2_common/pico_double/double_v1_rom_shim.S.obj
                0x1000c6ec                dmul_shim
 .text.ddiv_shim
                0x1000c848      0x1b0 CMakeFiles/fdc.dir/C_/VSARM/sdk/pico/pico-sdk/src/rp2_common/pico_double/double_v1_rom_shim.S.obj
                0x1000c848                ddiv_shim
 .text.double2uint_shim
                0x1000c9f8        0xe CMakeFiles/fdc.dir/C_/VSARM/sdk/pico/pico-sdk/src/rp2_common/pico_double/double_v1_rom_shim.S.obj
                0x1000c9f8                double2uint_shim
                0x1000c9fa                double2ufix_shim
 *fill*         0x1000ca06        0x2 
 .text.double2uint64_shim
                0x1000ca08       0x70 CMakeFiles/fdc.dir/C_/VSARM/sdk/pico/pico-sdk/src/rp2_common/pico_double/double_v1_rom_shim.S.obj
                0x1000ca08                double2uint64_shim
                0x1000ca0a                double2ufix64_shim
                0x1000ca2a                d2fix_a
 .text.dunpacks
                0x1000ca78       0x3c CMakeFiles/fdc.dir/C_/VSARM/sdk/pico/pico-sdk/src/rp2_common/pico_double/double_v1_rom_shim.S.obj
                0x1000ca78                dunpacks
 .text.__aeabi_lmul
                0x1000cab4       0x32 CMakeFiles/fdc.dir/C_/VSARM/sdk/pico/pico-sdk/src/rp2_common/pico_int64_ops/pico_int64_ops_aeabi.S.obj
                0x1000cab4                __wrap___aeabi_lmul
 .text.rp2040_rom_version
                0x1000cae6        0xe CMakeFiles/fdc.dir/C_/VSARM/sdk/pico/pico-sdk/src/rp2_common/pico_float/float_init_rom.c.obj
 .text.rom_table_code
                0x1000caf4       0x26 CMakeFiles/fdc.dir/C_/VSARM/sdk/pico/pico-sdk/src/rp2_common/pico_float/float_init_rom.c.obj
 *fill*         0x1000cb1a        0x2 
 .text.__aeabi_float_init
                0x1000cb1c      0x130 CMakeFiles/fdc.dir/C_/VSARM/sdk/pico/pico-sdk/src/rp2_common/pico_float/float_init_rom.c.obj
                0x1000cb1c                __aeabi_float_init
 .text.float_table_shim_on_use_helper
                0x1000cc4c       0x34 CMakeFiles/fdc.dir/C_/VSARM/sdk/pico/pico-sdk/src/rp2_common/pico_float/float_v1_rom_shim.S.obj
                0x1000cc4c                float_table_shim_on_use_helper
 .text          0x1000cc80       0x10 CMakeFiles/fdc.dir/C_/VSARM/sdk/pico/pico-sdk/src/rp2_common/pico_mem_ops/mem_ops_aeabi.S.obj
                0x1000cc80                __aeabi_mem_init
 .text.memset   0x1000cc90        0xc CMakeFiles/fdc.dir/C_/VSARM/sdk/pico/pico-sdk/src/rp2_common/pico_mem_ops/mem_ops_aeabi.S.obj
                0x1000cc90                __wrap_memset
 .text.memcpy   0x1000cc9c        0xc CMakeFiles/fdc.dir/C_/VSARM/sdk/pico/pico-sdk/src/rp2_common/pico_mem_ops/mem_ops_aeabi.S.obj
                0x1000cc9c                __wrap_memcpy
                0x1000cc9c                __wrap___aeabi_memcpy
 .text.to_us_since_boot
                0x1000cca8       0x18 CMakeFiles/fdc.dir/C_/VSARM/sdk/pico/pico-sdk/src/rp2_common/pico_stdio/stdio.c.obj
 .text.time_reached
                0x1000ccc0       0x64 CMakeFiles/fdc.dir/C_/VSARM/sdk/pico/pico-sdk/src/rp2_common/pico_stdio/stdio.c.obj
 .text.stdout_serialize_begin
                0x1000cd24       0x50 CMakeFiles/fdc.dir/C_/VSARM/sdk/pico/pico-sdk/src/rp2_common/pico_stdio/stdio.c.obj
                0x1000cd24                stdout_serialize_begin
 .text.stdout_serialize_end
                0x1000cd74       0x18 CMakeFiles/fdc.dir/C_/VSARM/sdk/pico/pico-sdk/src/rp2_common/pico_stdio/stdio.c.obj
                0x1000cd74                stdout_serialize_end
 .text.stdio_out_chars_no_crlf
                0x1000cd8c       0x20 CMakeFiles/fdc.dir/C_/VSARM/sdk/pico/pico-sdk/src/rp2_common/pico_stdio/stdio.c.obj
 .text.stdio_out_chars_crlf
                0x1000cdac       0xf4 CMakeFiles/fdc.dir/C_/VSARM/sdk/pico/pico-sdk/src/rp2_common/pico_stdio/stdio.c.obj
 .text.stdio_put_string
                0x1000cea0       0xcc CMakeFiles/fdc.dir/C_/VSARM/sdk/pico/pico-sdk/src/rp2_common/pico_stdio/stdio.c.obj
 .text.stdio_get_until
                0x1000cf6c       0x90 CMakeFiles/fdc.dir/C_/VSARM/sdk/pico/pico-sdk/src/rp2_common/pico_stdio/stdio.c.obj
 .text.__wrap_puts
                0x1000cffc       0x2e CMakeFiles/fdc.dir/C_/VSARM/sdk/pico/pico-sdk/src/rp2_common/pico_stdio/stdio.c.obj
                0x1000cffc                __wrap_puts
 *fill*         0x1000d02a        0x2 
 .text._read    0x1000d02c       0x34 CMakeFiles/fdc.dir/C_/VSARM/sdk/pico/pico-sdk/src/rp2_common/pico_stdio/stdio.c.obj
                0x1000d02c                _read
 .text._write   0x1000d060       0x2e CMakeFiles/fdc.dir/C_/VSARM/sdk/pico/pico-sdk/src/rp2_common/pico_stdio/stdio.c.obj
                0x1000d060                _write
 *fill*         0x1000d08e        0x2 
 .text.stdio_set_driver_enabled
                0x1000d090       0x7c CMakeFiles/fdc.dir/C_/VSARM/sdk/pico/pico-sdk/src/rp2_common/pico_stdio/stdio.c.obj
                0x1000d090                stdio_set_driver_enabled
 .text.stdio_flush
                0x1000d10c       0x38 CMakeFiles/fdc.dir/C_/VSARM/sdk/pico/pico-sdk/src/rp2_common/pico_stdio/stdio.c.obj
                0x1000d10c                stdio_flush
 .text.stdio_stack_buffer_flush
                0x1000d144       0x6c CMakeFiles/fdc.dir/C_/VSARM/sdk/pico/pico-sdk/src/rp2_common/pico_stdio/stdio.c.obj
 .text.stdio_buffered_printer
                0x1000d1b0       0x3e CMakeFiles/fdc.dir/C_/VSARM/sdk/pico/pico-sdk/src/rp2_common/pico_stdio/stdio.c.obj
 *fill*         0x1000d1ee        0x2 
 .text.__wrap_vprintf
                0x1000d1f0       0x64 CMakeFiles/fdc.dir/C_/VSARM/sdk/pico/pico-sdk/src/rp2_common/pico_stdio/stdio.c.obj
                0x1000d1f0                __wrap_vprintf
 .text.__wrap_printf
                0x1000d254       0x2e CMakeFiles/fdc.dir/C_/VSARM/sdk/pico/pico-sdk/src/rp2_common/pico_stdio/stdio.c.obj
                0x1000d254                __wrap_printf
 .text.stdio_init_all
                0x1000d282        0xe CMakeFiles/fdc.dir/C_/VSARM/sdk/pico/pico-sdk/src/rp2_common/pico_stdio/stdio.c.obj
                0x1000d282                stdio_init_all
 .text.uart_get_index
                0x1000d290       0x24 CMakeFiles/fdc.dir/C_/VSARM/sdk/pico/pico-sdk/src/rp2_common/pico_stdio_uart/stdio_uart.c.obj
 .text.uart_get_hw
                0x1000d2b4       0x1a CMakeFiles/fdc.dir/C_/VSARM/sdk/pico/pico-sdk/src/rp2_common/pico_stdio_uart/stdio_uart.c.obj
 .text.uart_is_writable
                0x1000d2ce       0x26 CMakeFiles/fdc.dir/C_/VSARM/sdk/pico/pico-sdk/src/rp2_common/pico_stdio_uart/stdio_uart.c.obj
 .text.uart_is_readable
                0x1000d2f4       0x26 CMakeFiles/fdc.dir/C_/VSARM/sdk/pico/pico-sdk/src/rp2_common/pico_stdio_uart/stdio_uart.c.obj
 .text.uart_write_blocking
                0x1000d31a       0x58 CMakeFiles/fdc.dir/C_/VSARM/sdk/pico/pico-sdk/src/rp2_common/pico_stdio_uart/stdio_uart.c.obj
 .text.uart_read_blocking
                0x1000d372       0x58 CMakeFiles/fdc.dir/C_/VSARM/sdk/pico/pico-sdk/src/rp2_common/pico_stdio_uart/stdio_uart.c.obj
 .text.uart_putc_raw
                0x1000d3ca       0x22 CMakeFiles/fdc.dir/C_/VSARM/sdk/pico/pico-sdk/src/rp2_common/pico_stdio_uart/stdio_uart.c.obj
 .text.uart_putc
                0x1000d3ec       0x4c CMakeFiles/fdc.dir/C_/VSARM/sdk/pico/pico-sdk/src/rp2_common/pico_stdio_uart/stdio_uart.c.obj
 .text.uart_getc
                0x1000d438       0x22 CMakeFiles/fdc.dir/C_/VSARM/sdk/pico/pico-sdk/src/rp2_common/pico_stdio_uart/stdio_uart.c.obj
 *fill*         0x1000d45a        0x2 
 .text.stdio_uart_init
                0x1000d45c       0x44 CMakeFiles/fdc.dir/C_/VSARM/sdk/pico/pico-sdk/src/rp2_common/pico_stdio_uart/stdio_uart.c.obj
                0x1000d45c                stdio_uart_init
 .text.stdio_uart_init_full
                0x1000d4a0       0x5c CMakeFiles/fdc.dir/C_/VSARM/sdk/pico/pico-sdk/src/rp2_common/pico_stdio_uart/stdio_uart.c.obj
                0x1000d4a0                stdio_uart_init_full
 .text.stdio_uart_out_chars
                0x1000d4fc       0x40 CMakeFiles/fdc.dir/C_/VSARM/sdk/pico/pico-sdk/src/rp2_common/pico_stdio_uart/stdio_uart.c.obj
 .text.stdio_uart_in_chars
                0x1000d53c       0x5c CMakeFiles/fdc.dir/C_/VSARM/sdk/pico/pico-sdk/src/rp2_common/pico_stdio_uart/stdio_uart.c.obj
                0x1000d53c                stdio_uart_in_chars
 .text._pio_major_instr_bits
                0x1000d598       0x18 CMakeFiles/fdc.dir/C_/VSARM/sdk/pico/pico-sdk/src/rp2_common/hardware_pio/pio.c.obj
 .text._pio_encode_instr_and_args
                0x1000d5b0       0x2c CMakeFiles/fdc.dir/C_/VSARM/sdk/pico/pico-sdk/src/rp2_common/hardware_pio/pio.c.obj
 .text._pio_encode_instr_and_src_dest
                0x1000d5dc       0x34 CMakeFiles/fdc.dir/C_/VSARM/sdk/pico/pico-sdk/src/rp2_common/hardware_pio/pio.c.obj
 .text.pio_encode_jmp
                0x1000d610       0x1e CMakeFiles/fdc.dir/C_/VSARM/sdk/pico/pico-sdk/src/rp2_common/hardware_pio/pio.c.obj
 .text.pio_encode_set
                0x1000d62e       0x28 CMakeFiles/fdc.dir/C_/VSARM/sdk/pico/pico-sdk/src/rp2_common/hardware_pio/pio.c.obj
 .text.check_sm_param
                0x1000d656       0x10 CMakeFiles/fdc.dir/C_/VSARM/sdk/pico/pico-sdk/src/rp2_common/hardware_pio/pio.c.obj
 .text.check_pio_param
                0x1000d666       0x10 CMakeFiles/fdc.dir/C_/VSARM/sdk/pico/pico-sdk/src/rp2_common/hardware_pio/pio.c.obj
 .text.sm_config_set_clkdiv_int_frac
                0x1000d676       0x32 CMakeFiles/fdc.dir/C_/VSARM/sdk/pico/pico-sdk/src/rp2_common/hardware_pio/pio.c.obj
 .text.sm_config_set_wrap
                0x1000d6a8       0x30 CMakeFiles/fdc.dir/C_/VSARM/sdk/pico/pico-sdk/src/rp2_common/hardware_pio/pio.c.obj
 .text.sm_config_set_in_shift
                0x1000d6d8       0x68 CMakeFiles/fdc.dir/C_/VSARM/sdk/pico/pico-sdk/src/rp2_common/hardware_pio/pio.c.obj
 .text.sm_config_set_out_shift
                0x1000d740       0x68 CMakeFiles/fdc.dir/C_/VSARM/sdk/pico/pico-sdk/src/rp2_common/hardware_pio/pio.c.obj
 .text.pio_get_default_sm_config
                0x1000d7a8       0x5c CMakeFiles/fdc.dir/C_/VSARM/sdk/pico/pico-sdk/src/rp2_common/hardware_pio/pio.c.obj
 .text.pio_sm_set_config
                0x1000d804       0x84 CMakeFiles/fdc.dir/C_/VSARM/sdk/pico/pico-sdk/src/rp2_common/hardware_pio/pio.c.obj
 .text.pio_get_index
                0x1000d888       0x2c CMakeFiles/fdc.dir/C_/VSARM/sdk/pico/pico-sdk/src/rp2_common/hardware_pio/pio.c.obj
 .text.pio_sm_set_enabled
                0x1000d8b4       0x48 CMakeFiles/fdc.dir/C_/VSARM/sdk/pico/pico-sdk/src/rp2_common/hardware_pio/pio.c.obj
 .text.pio_sm_restart
                0x1000d8fc       0x36 CMakeFiles/fdc.dir/C_/VSARM/sdk/pico/pico-sdk/src/rp2_common/hardware_pio/pio.c.obj
 .text.pio_sm_clkdiv_restart
                0x1000d932       0x36 CMakeFiles/fdc.dir/C_/VSARM/sdk/pico/pico-sdk/src/rp2_common/hardware_pio/pio.c.obj
 .text.pio_sm_exec
                0x1000d968       0x3a CMakeFiles/fdc.dir/C_/VSARM/sdk/pico/pico-sdk/src/rp2_common/hardware_pio/pio.c.obj
 .text.pio_sm_clear_fifos
                0x1000d9a2       0x6e CMakeFiles/fdc.dir/C_/VSARM/sdk/pico/pico-sdk/src/rp2_common/hardware_pio/pio.c.obj
 .text.pio_claim_unused_sm
                0x1000da10       0x60 CMakeFiles/fdc.dir/C_/VSARM/sdk/pico/pico-sdk/src/rp2_common/hardware_pio/pio.c.obj
                0x1000da10                pio_claim_unused_sm
 .text._pio_find_offset_for_program
                0x1000da70       0xcc CMakeFiles/fdc.dir/C_/VSARM/sdk/pico/pico-sdk/src/rp2_common/hardware_pio/pio.c.obj
 .text._pio_can_add_program_at_offset
                0x1000db3c       0x68 CMakeFiles/fdc.dir/C_/VSARM/sdk/pico/pico-sdk/src/rp2_common/hardware_pio/pio.c.obj
 .text._pio_add_program_at_offset
                0x1000dba4       0xd8 CMakeFiles/fdc.dir/C_/VSARM/sdk/pico/pico-sdk/src/rp2_common/hardware_pio/pio.c.obj
 .text.pio_add_program
                0x1000dc7c       0x54 CMakeFiles/fdc.dir/C_/VSARM/sdk/pico/pico-sdk/src/rp2_common/hardware_pio/pio.c.obj
                0x1000dc7c                pio_add_program
 .text.pio_sm_set_pins_with_mask
                0x1000dcd0       0xae CMakeFiles/fdc.dir/C_/VSARM/sdk/pico/pico-sdk/src/rp2_common/hardware_pio/pio.c.obj
                0x1000dcd0                pio_sm_set_pins_with_mask
 .text.pio_sm_set_pindirs_with_mask
                0x1000dd7e       0xae CMakeFiles/fdc.dir/C_/VSARM/sdk/pico/pico-sdk/src/rp2_common/hardware_pio/pio.c.obj
                0x1000dd7e                pio_sm_set_pindirs_with_mask
 .text.pio_sm_set_consecutive_pindirs
                0x1000de2c       0xe8 CMakeFiles/fdc.dir/C_/VSARM/sdk/pico/pico-sdk/src/rp2_common/hardware_pio/pio.c.obj
                0x1000de2c                pio_sm_set_consecutive_pindirs
 .text.pio_sm_init
                0x1000df14       0x98 CMakeFiles/fdc.dir/C_/VSARM/sdk/pico/pico-sdk/src/rp2_common/hardware_pio/pio.c.obj
                0x1000df14                pio_sm_init
 .text.ff_uni2oem
                0x1000dfac       0x98 CMakeFiles/fdc.dir/lib/no-OS-FatFS-SD-SPI-RPi-Pico/FatFs_SPI/ff14a/source/ffunicode.c.obj
                0x1000dfac                ff_uni2oem
 .text.ff_oem2uni
                0x1000e044       0x74 CMakeFiles/fdc.dir/lib/no-OS-FatFS-SD-SPI-RPi-Pico/FatFs_SPI/ff14a/source/ffunicode.c.obj
                0x1000e044                ff_oem2uni
 .text.ff_wtoupper
                0x1000e0b8      0x188 CMakeFiles/fdc.dir/lib/no-OS-FatFS-SD-SPI-RPi-Pico/FatFs_SPI/ff14a/source/ffunicode.c.obj
                0x1000e0b8                ff_wtoupper
 .text.ld_word  0x1000e240       0x36 CMakeFiles/fdc.dir/lib/no-OS-FatFS-SD-SPI-RPi-Pico/FatFs_SPI/ff14a/source/ff.c.obj
 .text.ld_dword
                0x1000e276       0x42 CMakeFiles/fdc.dir/lib/no-OS-FatFS-SD-SPI-RPi-Pico/FatFs_SPI/ff14a/source/ff.c.obj
 .text.st_word  0x1000e2b8       0x3c CMakeFiles/fdc.dir/lib/no-OS-FatFS-SD-SPI-RPi-Pico/FatFs_SPI/ff14a/source/ff.c.obj
 .text.st_dword
                0x1000e2f4       0x54 CMakeFiles/fdc.dir/lib/no-OS-FatFS-SD-SPI-RPi-Pico/FatFs_SPI/ff14a/source/ff.c.obj
 .text.mem_cpy  0x1000e348       0x3e CMakeFiles/fdc.dir/lib/no-OS-FatFS-SD-SPI-RPi-Pico/FatFs_SPI/ff14a/source/ff.c.obj
 .text.mem_set  0x1000e386       0x32 CMakeFiles/fdc.dir/lib/no-OS-FatFS-SD-SPI-RPi-Pico/FatFs_SPI/ff14a/source/ff.c.obj
 .text.mem_cmp  0x1000e3b8       0x4a CMakeFiles/fdc.dir/lib/no-OS-FatFS-SD-SPI-RPi-Pico/FatFs_SPI/ff14a/source/ff.c.obj
 .text.chk_chr  0x1000e402       0x32 CMakeFiles/fdc.dir/lib/no-OS-FatFS-SD-SPI-RPi-Pico/FatFs_SPI/ff14a/source/ff.c.obj
 .text.dbc_1st  0x1000e434       0x22 CMakeFiles/fdc.dir/lib/no-OS-FatFS-SD-SPI-RPi-Pico/FatFs_SPI/ff14a/source/ff.c.obj
 .text.dbc_2nd  0x1000e456       0x22 CMakeFiles/fdc.dir/lib/no-OS-FatFS-SD-SPI-RPi-Pico/FatFs_SPI/ff14a/source/ff.c.obj
 .text.tchar2uni
                0x1000e478      0x11c CMakeFiles/fdc.dir/lib/no-OS-FatFS-SD-SPI-RPi-Pico/FatFs_SPI/ff14a/source/ff.c.obj
 .text.put_utf  0x1000e594      0x1c4 CMakeFiles/fdc.dir/lib/no-OS-FatFS-SD-SPI-RPi-Pico/FatFs_SPI/ff14a/source/ff.c.obj
 .text.chk_lock
                0x1000e758       0xb0 CMakeFiles/fdc.dir/lib/no-OS-FatFS-SD-SPI-RPi-Pico/FatFs_SPI/ff14a/source/ff.c.obj
 .text.enq_lock
                0x1000e808       0x3c CMakeFiles/fdc.dir/lib/no-OS-FatFS-SD-SPI-RPi-Pico/FatFs_SPI/ff14a/source/ff.c.obj
 .text.inc_lock
                0x1000e844      0x114 CMakeFiles/fdc.dir/lib/no-OS-FatFS-SD-SPI-RPi-Pico/FatFs_SPI/ff14a/source/ff.c.obj
 .text.dec_lock
                0x1000e958       0x94 CMakeFiles/fdc.dir/lib/no-OS-FatFS-SD-SPI-RPi-Pico/FatFs_SPI/ff14a/source/ff.c.obj
 .text.clear_lock
                0x1000e9ec       0x40 CMakeFiles/fdc.dir/lib/no-OS-FatFS-SD-SPI-RPi-Pico/FatFs_SPI/ff14a/source/ff.c.obj
 .text.sync_window
                0x1000ea2c       0x82 CMakeFiles/fdc.dir/lib/no-OS-FatFS-SD-SPI-RPi-Pico/FatFs_SPI/ff14a/source/ff.c.obj
 .text.move_window
                0x1000eaae       0x6a CMakeFiles/fdc.dir/lib/no-OS-FatFS-SD-SPI-RPi-Pico/FatFs_SPI/ff14a/source/ff.c.obj
 .text.sync_fs  0x1000eb18       0xf8 CMakeFiles/fdc.dir/lib/no-OS-FatFS-SD-SPI-RPi-Pico/FatFs_SPI/ff14a/source/ff.c.obj
 .text.clst2sect
                0x1000ec10       0x38 CMakeFiles/fdc.dir/lib/no-OS-FatFS-SD-SPI-RPi-Pico/FatFs_SPI/ff14a/source/ff.c.obj
 .text.get_fat  0x1000ec48      0x156 CMakeFiles/fdc.dir/lib/no-OS-FatFS-SD-SPI-RPi-Pico/FatFs_SPI/ff14a/source/ff.c.obj
 .text.put_fat  0x1000ed9e      0x206 CMakeFiles/fdc.dir/lib/no-OS-FatFS-SD-SPI-RPi-Pico/FatFs_SPI/ff14a/source/ff.c.obj
 .text.remove_chain
                0x1000efa4       0xe6 CMakeFiles/fdc.dir/lib/no-OS-FatFS-SD-SPI-RPi-Pico/FatFs_SPI/ff14a/source/ff.c.obj
 .text.create_chain
                0x1000f08a      0x1c2 CMakeFiles/fdc.dir/lib/no-OS-FatFS-SD-SPI-RPi-Pico/FatFs_SPI/ff14a/source/ff.c.obj
 .text.clmt_clust
                0x1000f24c       0x6a CMakeFiles/fdc.dir/lib/no-OS-FatFS-SD-SPI-RPi-Pico/FatFs_SPI/ff14a/source/ff.c.obj
 .text.dir_clear
                0x1000f2b6       0x92 CMakeFiles/fdc.dir/lib/no-OS-FatFS-SD-SPI-RPi-Pico/FatFs_SPI/ff14a/source/ff.c.obj
 .text.dir_sdi  0x1000f348       0xfc CMakeFiles/fdc.dir/lib/no-OS-FatFS-SD-SPI-RPi-Pico/FatFs_SPI/ff14a/source/ff.c.obj
 .text.dir_next
                0x1000f444      0x132 CMakeFiles/fdc.dir/lib/no-OS-FatFS-SD-SPI-RPi-Pico/FatFs_SPI/ff14a/source/ff.c.obj
 .text.dir_alloc
                0x1000f576       0xb0 CMakeFiles/fdc.dir/lib/no-OS-FatFS-SD-SPI-RPi-Pico/FatFs_SPI/ff14a/source/ff.c.obj
 .text.ld_clust
                0x1000f626       0x3e CMakeFiles/fdc.dir/lib/no-OS-FatFS-SD-SPI-RPi-Pico/FatFs_SPI/ff14a/source/ff.c.obj
 .text.st_clust
                0x1000f664       0x40 CMakeFiles/fdc.dir/lib/no-OS-FatFS-SD-SPI-RPi-Pico/FatFs_SPI/ff14a/source/ff.c.obj
 .text.cmp_lfn  0x1000f6a4       0xfc CMakeFiles/fdc.dir/lib/no-OS-FatFS-SD-SPI-RPi-Pico/FatFs_SPI/ff14a/source/ff.c.obj
 .text.pick_lfn
                0x1000f7a0       0xf0 CMakeFiles/fdc.dir/lib/no-OS-FatFS-SD-SPI-RPi-Pico/FatFs_SPI/ff14a/source/ff.c.obj
 .text.put_lfn  0x1000f890       0xf0 CMakeFiles/fdc.dir/lib/no-OS-FatFS-SD-SPI-RPi-Pico/FatFs_SPI/ff14a/source/ff.c.obj
 .text.gen_numname
                0x1000f980      0x150 CMakeFiles/fdc.dir/lib/no-OS-FatFS-SD-SPI-RPi-Pico/FatFs_SPI/ff14a/source/ff.c.obj
 .text.sum_sfn  0x1000fad0       0x4a CMakeFiles/fdc.dir/lib/no-OS-FatFS-SD-SPI-RPi-Pico/FatFs_SPI/ff14a/source/ff.c.obj
 .text.dir_read
                0x1000fb1a      0x1be CMakeFiles/fdc.dir/lib/no-OS-FatFS-SD-SPI-RPi-Pico/FatFs_SPI/ff14a/source/ff.c.obj
 .text.dir_find
                0x1000fcd8      0x1f6 CMakeFiles/fdc.dir/lib/no-OS-FatFS-SD-SPI-RPi-Pico/FatFs_SPI/ff14a/source/ff.c.obj
 .text.dir_register
                0x1000fece      0x220 CMakeFiles/fdc.dir/lib/no-OS-FatFS-SD-SPI-RPi-Pico/FatFs_SPI/ff14a/source/ff.c.obj
 *fill*         0x100100ee        0x2 
 .text.get_fileinfo
                0x100100f0      0x338 CMakeFiles/fdc.dir/lib/no-OS-FatFS-SD-SPI-RPi-Pico/FatFs_SPI/ff14a/source/ff.c.obj
 .text.get_achar
                0x10010428       0x34 CMakeFiles/fdc.dir/lib/no-OS-FatFS-SD-SPI-RPi-Pico/FatFs_SPI/ff14a/source/ff.c.obj
 .text.pattern_match
                0x1001045c      0x104 CMakeFiles/fdc.dir/lib/no-OS-FatFS-SD-SPI-RPi-Pico/FatFs_SPI/ff14a/source/ff.c.obj
 .text.create_name
                0x10010560      0x4e4 CMakeFiles/fdc.dir/lib/no-OS-FatFS-SD-SPI-RPi-Pico/FatFs_SPI/ff14a/source/ff.c.obj
 .text.follow_path
                0x10010a44      0x14c CMakeFiles/fdc.dir/lib/no-OS-FatFS-SD-SPI-RPi-Pico/FatFs_SPI/ff14a/source/ff.c.obj
 .text.get_ldnumber
                0x10010b90       0x9c CMakeFiles/fdc.dir/lib/no-OS-FatFS-SD-SPI-RPi-Pico/FatFs_SPI/ff14a/source/ff.c.obj
 .text.check_fs
                0x10010c2c      0x148 CMakeFiles/fdc.dir/lib/no-OS-FatFS-SD-SPI-RPi-Pico/FatFs_SPI/ff14a/source/ff.c.obj
 .text.find_volume
                0x10010d74       0xbc CMakeFiles/fdc.dir/lib/no-OS-FatFS-SD-SPI-RPi-Pico/FatFs_SPI/ff14a/source/ff.c.obj
 .text.mount_volume
                0x10010e30      0x444 CMakeFiles/fdc.dir/lib/no-OS-FatFS-SD-SPI-RPi-Pico/FatFs_SPI/ff14a/source/ff.c.obj
 .text.validate
                0x10011274       0x78 CMakeFiles/fdc.dir/lib/no-OS-FatFS-SD-SPI-RPi-Pico/FatFs_SPI/ff14a/source/ff.c.obj
 .text.f_mount  0x100112ec       0x94 CMakeFiles/fdc.dir/lib/no-OS-FatFS-SD-SPI-RPi-Pico/FatFs_SPI/ff14a/source/ff.c.obj
                0x100112ec                f_mount
 .text.f_open   0x10011380      0x3e8 CMakeFiles/fdc.dir/lib/no-OS-FatFS-SD-SPI-RPi-Pico/FatFs_SPI/ff14a/source/ff.c.obj
                0x10011380                f_open
 .text.f_read   0x10011768      0x282 CMakeFiles/fdc.dir/lib/no-OS-FatFS-SD-SPI-RPi-Pico/FatFs_SPI/ff14a/source/ff.c.obj
                0x10011768                f_read
 .text.f_write  0x100119ea      0x2f4 CMakeFiles/fdc.dir/lib/no-OS-FatFS-SD-SPI-RPi-Pico/FatFs_SPI/ff14a/source/ff.c.obj
                0x100119ea                f_write
 .text.f_sync   0x10011cde      0x112 CMakeFiles/fdc.dir/lib/no-OS-FatFS-SD-SPI-RPi-Pico/FatFs_SPI/ff14a/source/ff.c.obj
                0x10011cde                f_sync
 .text.f_close  0x10011df0       0x68 CMakeFiles/fdc.dir/lib/no-OS-FatFS-SD-SPI-RPi-Pico/FatFs_SPI/ff14a/source/ff.c.obj
                0x10011df0                f_close
 .text.f_lseek  0x10011e58      0x424 CMakeFiles/fdc.dir/lib/no-OS-FatFS-SD-SPI-RPi-Pico/FatFs_SPI/ff14a/source/ff.c.obj
                0x10011e58                f_lseek
 .text.f_opendir
                0x1001227c      0x112 CMakeFiles/fdc.dir/lib/no-OS-FatFS-SD-SPI-RPi-Pico/FatFs_SPI/ff14a/source/ff.c.obj
                0x1001227c                f_opendir
 .text.f_closedir
                0x1001238e       0x5e CMakeFiles/fdc.dir/lib/no-OS-FatFS-SD-SPI-RPi-Pico/FatFs_SPI/ff14a/source/ff.c.obj
                0x1001238e                f_closedir
 .text.f_readdir
                0x100123ec       0xa2 CMakeFiles/fdc.dir/lib/no-OS-FatFS-SD-SPI-RPi-Pico/FatFs_SPI/ff14a/source/ff.c.obj
                0x100123ec                f_readdir
 .text.f_findnext
                0x1001248e       0x5c CMakeFiles/fdc.dir/lib/no-OS-FatFS-SD-SPI-RPi-Pico/FatFs_SPI/ff14a/source/ff.c.obj
                0x1001248e                f_findnext
 .text.f_findfirst
                0x100124ea       0x50 CMakeFiles/fdc.dir/lib/no-OS-FatFS-SD-SPI-RPi-Pico/FatFs_SPI/ff14a/source/ff.c.obj
                0x100124ea                f_findfirst
 .text.f_getfree
                0x1001253a      0x176 CMakeFiles/fdc.dir/lib/no-OS-FatFS-SD-SPI-RPi-Pico/FatFs_SPI/ff14a/source/ff.c.obj
                0x1001253a                f_getfree
 .text.f_truncate
                0x100126b0      0x15e CMakeFiles/fdc.dir/lib/no-OS-FatFS-SD-SPI-RPi-Pico/FatFs_SPI/ff14a/source/ff.c.obj
                0x100126b0                f_truncate
 .text.f_gets   0x1001280e      0x288 CMakeFiles/fdc.dir/lib/no-OS-FatFS-SD-SPI-RPi-Pico/FatFs_SPI/ff14a/source/ff.c.obj
                0x1001280e                f_gets
 .text.to_us_since_boot
                0x10012a96       0x18 CMakeFiles/fdc.dir/lib/no-OS-FatFS-SD-SPI-RPi-Pico/FatFs_SPI/sd_driver/sd_spi.c.obj
 *fill*         0x10012aae        0x2 
 .text.update_us_since_boot
                0x10012ab0       0x40 CMakeFiles/fdc.dir/lib/no-OS-FatFS-SD-SPI-RPi-Pico/FatFs_SPI/sd_driver/sd_spi.c.obj
 .text.gpio_get
                0x10012af0       0x26 CMakeFiles/fdc.dir/lib/no-OS-FatFS-SD-SPI-RPi-Pico/FatFs_SPI/sd_driver/sd_spi.c.obj
 .text.gpio_set_mask
                0x10012b16       0x18 CMakeFiles/fdc.dir/lib/no-OS-FatFS-SD-SPI-RPi-Pico/FatFs_SPI/sd_driver/sd_spi.c.obj
 .text.gpio_clr_mask
                0x10012b2e       0x18 CMakeFiles/fdc.dir/lib/no-OS-FatFS-SD-SPI-RPi-Pico/FatFs_SPI/sd_driver/sd_spi.c.obj
 .text.gpio_put
                0x10012b46       0x3a CMakeFiles/fdc.dir/lib/no-OS-FatFS-SD-SPI-RPi-Pico/FatFs_SPI/sd_driver/sd_spi.c.obj
 .text.get_absolute_time
                0x10012b80       0x2c CMakeFiles/fdc.dir/lib/no-OS-FatFS-SD-SPI-RPi-Pico/FatFs_SPI/sd_driver/sd_spi.c.obj
 .text.delayed_by_ms
                0x10012bac       0x8c CMakeFiles/fdc.dir/lib/no-OS-FatFS-SD-SPI-RPi-Pico/FatFs_SPI/sd_driver/sd_spi.c.obj
 .text.make_timeout_time_ms
                0x10012c38       0x2a CMakeFiles/fdc.dir/lib/no-OS-FatFS-SD-SPI-RPi-Pico/FatFs_SPI/sd_driver/sd_spi.c.obj
 .text.absolute_time_diff_us
                0x10012c62       0x40 CMakeFiles/fdc.dir/lib/no-OS-FatFS-SD-SPI-RPi-Pico/FatFs_SPI/sd_driver/sd_spi.c.obj
 *fill*         0x10012ca2        0x2 
 .text.sd_spi_go_high_frequency
                0x10012ca4       0x3c CMakeFiles/fdc.dir/lib/no-OS-FatFS-SD-SPI-RPi-Pico/FatFs_SPI/sd_driver/sd_spi.c.obj
                0x10012ca4                sd_spi_go_high_frequency
 .text.sd_spi_go_low_frequency
                0x10012ce0       0x3c CMakeFiles/fdc.dir/lib/no-OS-FatFS-SD-SPI-RPi-Pico/FatFs_SPI/sd_driver/sd_spi.c.obj
                0x10012ce0                sd_spi_go_low_frequency
 .text.sd_spi_select
                0x10012d1c       0x3c CMakeFiles/fdc.dir/lib/no-OS-FatFS-SD-SPI-RPi-Pico/FatFs_SPI/sd_driver/sd_spi.c.obj
 .text.sd_spi_deselect
                0x10012d58       0x3c CMakeFiles/fdc.dir/lib/no-OS-FatFS-SD-SPI-RPi-Pico/FatFs_SPI/sd_driver/sd_spi.c.obj
 .text.sd_spi_acquire
                0x10012d94       0x18 CMakeFiles/fdc.dir/lib/no-OS-FatFS-SD-SPI-RPi-Pico/FatFs_SPI/sd_driver/sd_spi.c.obj
                0x10012d94                sd_spi_acquire
 .text.sd_spi_release
                0x10012dac       0x18 CMakeFiles/fdc.dir/lib/no-OS-FatFS-SD-SPI-RPi-Pico/FatFs_SPI/sd_driver/sd_spi.c.obj
                0x10012dac                sd_spi_release
 .text.sd_spi_write
                0x10012dc4       0x58 CMakeFiles/fdc.dir/lib/no-OS-FatFS-SD-SPI-RPi-Pico/FatFs_SPI/sd_driver/sd_spi.c.obj
                0x10012dc4                sd_spi_write
 .text.sd_spi_transfer
                0x10012e1c       0x26 CMakeFiles/fdc.dir/lib/no-OS-FatFS-SD-SPI-RPi-Pico/FatFs_SPI/sd_driver/sd_spi.c.obj
                0x10012e1c                sd_spi_transfer
 .text.sd_spi_send_initializing_sequence
                0x10012e42       0x8c CMakeFiles/fdc.dir/lib/no-OS-FatFS-SD-SPI-RPi-Pico/FatFs_SPI/sd_driver/sd_spi.c.obj
                0x10012e42                sd_spi_send_initializing_sequence
 .text.gpio_pull_up
                0x10012ece       0x1c CMakeFiles/fdc.dir/lib/no-OS-FatFS-SD-SPI-RPi-Pico/FatFs_SPI/sd_driver/spi.c.obj
 .text.gpio_set_dir_out_masked
                0x10012eea       0x18 CMakeFiles/fdc.dir/lib/no-OS-FatFS-SD-SPI-RPi-Pico/FatFs_SPI/sd_driver/spi.c.obj
 .text.gpio_set_dir_in_masked
                0x10012f02       0x18 CMakeFiles/fdc.dir/lib/no-OS-FatFS-SD-SPI-RPi-Pico/FatFs_SPI/sd_driver/spi.c.obj
 .text.gpio_set_dir
                0x10012f1a       0x3a CMakeFiles/fdc.dir/lib/no-OS-FatFS-SD-SPI-RPi-Pico/FatFs_SPI/sd_driver/spi.c.obj
 .text.check_dma_channel_param
                0x10012f54       0x10 CMakeFiles/fdc.dir/lib/no-OS-FatFS-SD-SPI-RPi-Pico/FatFs_SPI/sd_driver/spi.c.obj
 .text.dma_channel_hw_addr
                0x10012f64       0x24 CMakeFiles/fdc.dir/lib/no-OS-FatFS-SD-SPI-RPi-Pico/FatFs_SPI/sd_driver/spi.c.obj
 .text.channel_config_set_read_increment
                0x10012f88       0x36 CMakeFiles/fdc.dir/lib/no-OS-FatFS-SD-SPI-RPi-Pico/FatFs_SPI/sd_driver/spi.c.obj
 .text.channel_config_set_write_increment
                0x10012fbe       0x36 CMakeFiles/fdc.dir/lib/no-OS-FatFS-SD-SPI-RPi-Pico/FatFs_SPI/sd_driver/spi.c.obj
 .text.channel_config_set_dreq
                0x10012ff4       0x48 CMakeFiles/fdc.dir/lib/no-OS-FatFS-SD-SPI-RPi-Pico/FatFs_SPI/sd_driver/spi.c.obj
 .text.channel_config_set_chain_to
                0x1001303c       0x48 CMakeFiles/fdc.dir/lib/no-OS-FatFS-SD-SPI-RPi-Pico/FatFs_SPI/sd_driver/spi.c.obj
 .text.channel_config_set_transfer_data_size
                0x10013084       0x5c CMakeFiles/fdc.dir/lib/no-OS-FatFS-SD-SPI-RPi-Pico/FatFs_SPI/sd_driver/spi.c.obj
 .text.channel_config_set_ring
                0x100130e0       0x64 CMakeFiles/fdc.dir/lib/no-OS-FatFS-SD-SPI-RPi-Pico/FatFs_SPI/sd_driver/spi.c.obj
 .text.channel_config_set_bswap
                0x10013144       0x3c CMakeFiles/fdc.dir/lib/no-OS-FatFS-SD-SPI-RPi-Pico/FatFs_SPI/sd_driver/spi.c.obj
 .text.channel_config_set_irq_quiet
                0x10013180       0x3c CMakeFiles/fdc.dir/lib/no-OS-FatFS-SD-SPI-RPi-Pico/FatFs_SPI/sd_driver/spi.c.obj
 .text.channel_config_set_enable
                0x100131bc       0x36 CMakeFiles/fdc.dir/lib/no-OS-FatFS-SD-SPI-RPi-Pico/FatFs_SPI/sd_driver/spi.c.obj
 *fill*         0x100131f2        0x2 
 .text.channel_config_set_sniff_enable
                0x100131f4       0x3c CMakeFiles/fdc.dir/lib/no-OS-FatFS-SD-SPI-RPi-Pico/FatFs_SPI/sd_driver/spi.c.obj
 .text.dma_channel_get_default_config
                0x10013230       0x80 CMakeFiles/fdc.dir/lib/no-OS-FatFS-SD-SPI-RPi-Pico/FatFs_SPI/sd_driver/spi.c.obj
 .text.channel_config_get_ctrl_value
                0x100132b0       0x14 CMakeFiles/fdc.dir/lib/no-OS-FatFS-SD-SPI-RPi-Pico/FatFs_SPI/sd_driver/spi.c.obj
 .text.dma_channel_set_config
                0x100132c4       0x52 CMakeFiles/fdc.dir/lib/no-OS-FatFS-SD-SPI-RPi-Pico/FatFs_SPI/sd_driver/spi.c.obj
 .text.dma_channel_set_read_addr
                0x10013316       0x42 CMakeFiles/fdc.dir/lib/no-OS-FatFS-SD-SPI-RPi-Pico/FatFs_SPI/sd_driver/spi.c.obj
 .text.dma_channel_set_write_addr
                0x10013358       0x42 CMakeFiles/fdc.dir/lib/no-OS-FatFS-SD-SPI-RPi-Pico/FatFs_SPI/sd_driver/spi.c.obj
 .text.dma_channel_set_trans_count
                0x1001339a       0x42 CMakeFiles/fdc.dir/lib/no-OS-FatFS-SD-SPI-RPi-Pico/FatFs_SPI/sd_driver/spi.c.obj
 .text.dma_channel_configure
                0x100133dc       0x4a CMakeFiles/fdc.dir/lib/no-OS-FatFS-SD-SPI-RPi-Pico/FatFs_SPI/sd_driver/spi.c.obj
 .text.dma_start_channel_mask
                0x10013426       0x1c CMakeFiles/fdc.dir/lib/no-OS-FatFS-SD-SPI-RPi-Pico/FatFs_SPI/sd_driver/spi.c.obj
 *fill*         0x10013442        0x2 
 .text.dma_channel_set_irq0_enabled
                0x10013444       0x64 CMakeFiles/fdc.dir/lib/no-OS-FatFS-SD-SPI-RPi-Pico/FatFs_SPI/sd_driver/spi.c.obj
 .text.dma_channel_set_irq1_enabled
                0x100134a8       0x64 CMakeFiles/fdc.dir/lib/no-OS-FatFS-SD-SPI-RPi-Pico/FatFs_SPI/sd_driver/spi.c.obj
 .text.dma_channel_is_busy
                0x1001350c       0x32 CMakeFiles/fdc.dir/lib/no-OS-FatFS-SD-SPI-RPi-Pico/FatFs_SPI/sd_driver/spi.c.obj
 .text.dma_channel_wait_for_finish_blocking
                0x1001353e       0x22 CMakeFiles/fdc.dir/lib/no-OS-FatFS-SD-SPI-RPi-Pico/FatFs_SPI/sd_driver/spi.c.obj
 .text.spi_get_index
                0x10013560       0x24 CMakeFiles/fdc.dir/lib/no-OS-FatFS-SD-SPI-RPi-Pico/FatFs_SPI/sd_driver/spi.c.obj
 .text.spi_get_hw
                0x10013584       0x1a CMakeFiles/fdc.dir/lib/no-OS-FatFS-SD-SPI-RPi-Pico/FatFs_SPI/sd_driver/spi.c.obj
 .text.spi_set_format
                0x1001359e       0x68 CMakeFiles/fdc.dir/lib/no-OS-FatFS-SD-SPI-RPi-Pico/FatFs_SPI/sd_driver/spi.c.obj
 *fill*         0x10013606        0x2 
 .text.spi_irq_handler
                0x10013608       0xe0 CMakeFiles/fdc.dir/lib/no-OS-FatFS-SD-SPI-RPi-Pico/FatFs_SPI/sd_driver/spi.c.obj
                0x10013608                spi_irq_handler
 .text.spi_transfer
                0x100136e8      0x1c0 CMakeFiles/fdc.dir/lib/no-OS-FatFS-SD-SPI-RPi-Pico/FatFs_SPI/sd_driver/spi.c.obj
                0x100136e8                spi_transfer
 .text.my_spi_init
                0x100138a8      0x1c8 CMakeFiles/fdc.dir/lib/no-OS-FatFS-SD-SPI-RPi-Pico/FatFs_SPI/sd_driver/spi.c.obj
                0x100138a8                my_spi_init
 .text.to_us_since_boot
                0x10013a70       0x18 CMakeFiles/fdc.dir/lib/no-OS-FatFS-SD-SPI-RPi-Pico/FatFs_SPI/sd_driver/sd_card.c.obj
 .text.update_us_since_boot
                0x10013a88       0x40 CMakeFiles/fdc.dir/lib/no-OS-FatFS-SD-SPI-RPi-Pico/FatFs_SPI/sd_driver/sd_card.c.obj
 .text.get_absolute_time
                0x10013ac8       0x2c CMakeFiles/fdc.dir/lib/no-OS-FatFS-SD-SPI-RPi-Pico/FatFs_SPI/sd_driver/sd_card.c.obj
 .text.delayed_by_ms
                0x10013af4       0x8c CMakeFiles/fdc.dir/lib/no-OS-FatFS-SD-SPI-RPi-Pico/FatFs_SPI/sd_driver/sd_card.c.obj
 .text.make_timeout_time_ms
                0x10013b80       0x2a CMakeFiles/fdc.dir/lib/no-OS-FatFS-SD-SPI-RPi-Pico/FatFs_SPI/sd_driver/sd_card.c.obj
 .text.absolute_time_diff_us
                0x10013baa       0x40 CMakeFiles/fdc.dir/lib/no-OS-FatFS-SD-SPI-RPi-Pico/FatFs_SPI/sd_driver/sd_card.c.obj
 .text.mutex_is_initialized
                0x10013bea       0x1a CMakeFiles/fdc.dir/lib/no-OS-FatFS-SD-SPI-RPi-Pico/FatFs_SPI/sd_driver/sd_card.c.obj
 .text.gpio_pull_up
                0x10013c04       0x1c CMakeFiles/fdc.dir/lib/no-OS-FatFS-SD-SPI-RPi-Pico/FatFs_SPI/sd_driver/sd_card.c.obj
 .text.gpio_get
                0x10013c20       0x26 CMakeFiles/fdc.dir/lib/no-OS-FatFS-SD-SPI-RPi-Pico/FatFs_SPI/sd_driver/sd_card.c.obj
 .text.gpio_set_mask
                0x10013c46       0x18 CMakeFiles/fdc.dir/lib/no-OS-FatFS-SD-SPI-RPi-Pico/FatFs_SPI/sd_driver/sd_card.c.obj
 .text.gpio_clr_mask
                0x10013c5e       0x18 CMakeFiles/fdc.dir/lib/no-OS-FatFS-SD-SPI-RPi-Pico/FatFs_SPI/sd_driver/sd_card.c.obj
 .text.gpio_put
                0x10013c76       0x3a CMakeFiles/fdc.dir/lib/no-OS-FatFS-SD-SPI-RPi-Pico/FatFs_SPI/sd_driver/sd_card.c.obj
 .text.gpio_set_dir_out_masked
                0x10013cb0       0x18 CMakeFiles/fdc.dir/lib/no-OS-FatFS-SD-SPI-RPi-Pico/FatFs_SPI/sd_driver/sd_card.c.obj
 .text.gpio_set_dir_in_masked
                0x10013cc8       0x18 CMakeFiles/fdc.dir/lib/no-OS-FatFS-SD-SPI-RPi-Pico/FatFs_SPI/sd_driver/sd_card.c.obj
 .text.gpio_set_dir
                0x10013ce0       0x3a CMakeFiles/fdc.dir/lib/no-OS-FatFS-SD-SPI-RPi-Pico/FatFs_SPI/sd_driver/sd_card.c.obj
 *fill*         0x10013d1a        0x2 
 .text.sd_cmd_spi
                0x10013d1c      0x128 CMakeFiles/fdc.dir/lib/no-OS-FatFS-SD-SPI-RPi-Pico/FatFs_SPI/sd_driver/sd_card.c.obj
 .text.sd_wait_ready
                0x10013e44       0x88 CMakeFiles/fdc.dir/lib/no-OS-FatFS-SD-SPI-RPi-Pico/FatFs_SPI/sd_driver/sd_card.c.obj
 .text.sd_lock  0x10013ecc       0x44 CMakeFiles/fdc.dir/lib/no-OS-FatFS-SD-SPI-RPi-Pico/FatFs_SPI/sd_driver/sd_card.c.obj
 .text.sd_unlock
                0x10013f10       0x44 CMakeFiles/fdc.dir/lib/no-OS-FatFS-SD-SPI-RPi-Pico/FatFs_SPI/sd_driver/sd_card.c.obj
 .text.sd_acquire
                0x10013f54       0x20 CMakeFiles/fdc.dir/lib/no-OS-FatFS-SD-SPI-RPi-Pico/FatFs_SPI/sd_driver/sd_card.c.obj
 .text.sd_release
                0x10013f74       0x20 CMakeFiles/fdc.dir/lib/no-OS-FatFS-SD-SPI-RPi-Pico/FatFs_SPI/sd_driver/sd_card.c.obj
 .text.sd_cmd   0x10013f94      0x400 CMakeFiles/fdc.dir/lib/no-OS-FatFS-SD-SPI-RPi-Pico/FatFs_SPI/sd_driver/sd_card.c.obj
 .text.sd_card_detect
                0x10014394       0x78 CMakeFiles/fdc.dir/lib/no-OS-FatFS-SD-SPI-RPi-Pico/FatFs_SPI/sd_driver/sd_card.c.obj
                0x10014394                sd_card_detect
 .text.sd_go_idle_state
                0x1001440c       0x60 CMakeFiles/fdc.dir/lib/no-OS-FatFS-SD-SPI-RPi-Pico/FatFs_SPI/sd_driver/sd_card.c.obj
 .text.sd_cmd8  0x1001446c       0x78 CMakeFiles/fdc.dir/lib/no-OS-FatFS-SD-SPI-RPi-Pico/FatFs_SPI/sd_driver/sd_card.c.obj
 .text.ext_bits
                0x100144e4       0x78 CMakeFiles/fdc.dir/lib/no-OS-FatFS-SD-SPI-RPi-Pico/FatFs_SPI/sd_driver/sd_card.c.obj
 .text.sd_sectors_nolock
                0x1001455c      0x21c CMakeFiles/fdc.dir/lib/no-OS-FatFS-SD-SPI-RPi-Pico/FatFs_SPI/sd_driver/sd_card.c.obj
 .text.sd_sectors
                0x10014778       0x36 CMakeFiles/fdc.dir/lib/no-OS-FatFS-SD-SPI-RPi-Pico/FatFs_SPI/sd_driver/sd_card.c.obj
                0x10014778                sd_sectors
 *fill*         0x100147ae        0x2 
 .text.sd_wait_token
                0x100147b0       0x78 CMakeFiles/fdc.dir/lib/no-OS-FatFS-SD-SPI-RPi-Pico/FatFs_SPI/sd_driver/sd_card.c.obj
 .text.sd_read_bytes
                0x10014828       0xec CMakeFiles/fdc.dir/lib/no-OS-FatFS-SD-SPI-RPi-Pico/FatFs_SPI/sd_driver/sd_card.c.obj
 .text.sd_read_block
                0x10014914       0xe4 CMakeFiles/fdc.dir/lib/no-OS-FatFS-SD-SPI-RPi-Pico/FatFs_SPI/sd_driver/sd_card.c.obj
 .text.in_sd_read_blocks
                0x100149f8      0x120 CMakeFiles/fdc.dir/lib/no-OS-FatFS-SD-SPI-RPi-Pico/FatFs_SPI/sd_driver/sd_card.c.obj
 .text.sd_read_blocks
                0x10014b18       0x3e CMakeFiles/fdc.dir/lib/no-OS-FatFS-SD-SPI-RPi-Pico/FatFs_SPI/sd_driver/sd_card.c.obj
                0x10014b18                sd_read_blocks
 *fill*         0x10014b56        0x2 
 .text.sd_write_block
                0x10014b58      0x104 CMakeFiles/fdc.dir/lib/no-OS-FatFS-SD-SPI-RPi-Pico/FatFs_SPI/sd_driver/sd_card.c.obj
 .text.in_sd_write_blocks
                0x10014c5c      0x194 CMakeFiles/fdc.dir/lib/no-OS-FatFS-SD-SPI-RPi-Pico/FatFs_SPI/sd_driver/sd_card.c.obj
 .text.sd_write_blocks
                0x10014df0       0x3e CMakeFiles/fdc.dir/lib/no-OS-FatFS-SD-SPI-RPi-Pico/FatFs_SPI/sd_driver/sd_card.c.obj
                0x10014df0                sd_write_blocks
 *fill*         0x10014e2e        0x2 
 .text.sd_init_card2
                0x10014e30      0x1d4 CMakeFiles/fdc.dir/lib/no-OS-FatFS-SD-SPI-RPi-Pico/FatFs_SPI/sd_driver/sd_card.c.obj
 .text.sd_init_card